Component: ARM Compiler 5.06 update 5 (build 528) Tool: armlink [4d35e2]

==============================================================================

Loading Objects.

Loading object PatchMgrSvcHandler.o.
              definition:  SVC_Handler
Loading object SystemDrvLowLevel.o.
              definition:  SystemDrvWaitForInterrupt
              definition:  SystemDrvGetInfo
              definition:  SystemDrvTerminate
Loading object InitStartup.o.
              definition:  __Vectors_Size
              definition:  __Vectors
              definition:  __Vectors_End
              reference :  Image$$DATA$$Base
              reference :  Image$$DATA$$ZI$$Limit
              reference :  Image$$HEAP$$ZI$$Base
              reference :  Image$$HEAP$$ZI$$Length
              reference :  Image$$MAIN_STACK$$ZI$$Base
              reference :  Image$$MAIN_STACK$$ZI$$Length
              reference :  Image$$MAIN_STACK$$ZI$$Limit
              reference :  Image$$PATCH$$Base
              reference :  Image$$PATCH$$ZI$$Length
              reference :  InitSystem
              reference :  __main
              weak defn :  InitStart
              weak defn :  NMI_Handler
              weak defn :  HardFault_Handler
              weak defn :  SVC_Handler
              weak defn :  PendSV_Handler
              weak defn :  SysTick_Handler
              weak defn :  Reserved_Handler
              weak defn :  CCHostIntReq_IrqHandler
              weak defn :  CCIsIdle_IrqHandler
              weak defn :  CCPowerdownReady_IrqHandler
              weak defn :  CyberRamDed_IrqHandler
              weak defn :  CyberRamSec_IrqHandler
              weak defn :  CyberRomDed_IrqHandler
              weak defn :  CyberRomSec_IrqHandler
              weak defn :  Doorbell_IrqHandler
              weak defn :  DualTimerInt1_IrqHandler
              weak defn :  DualTimerInt2_IrqHandler
              weak defn :  DualTimerIntC_IrqHandler
              weak defn :  EOF_IrqHandler
              weak defn :  EOL_IrqHandler
              weak defn :  IcoreEccDed_IrqHandler
              weak defn :  IcoreEccSec_IrqHandler
              weak defn :  PllLocked_IrqHandler
              weak defn :  PllNotLocked_IrqHandler
              weak defn :  Reserved12_IrqHandler
              weak defn :  Reserved21_IrqHandler
              weak defn :  Reserved22_IrqHandler
              weak defn :  Reserved23_IrqHandler
              weak defn :  Reserved24_IrqHandler
              weak defn :  Reserved25_IrqHandler
              weak defn :  Reserved26_IrqHandler
              weak defn :  Reserved27_IrqHandler
              weak defn :  Reserved28_IrqHandler
              weak defn :  Reserved29_IrqHandler
              weak defn :  Reserved30_IrqHandler
              weak defn :  Reserved31_IrqHandler
              weak defn :  SOF_IrqHandler
              weak defn :  SOL_IrqHandler
              weak defn :  Watchdog_IrqHandler
Loading object InitSetupHeapStack.o.
              definition:  __user_setup_stackheap
              reference :  Image$$HEAP$$ZI$$Base
              reference :  Image$$HEAP$$ZI$$Limit
              reference :  Image$$MAIN_STACK$$ZI$$Base
              reference :  Image$$MAIN_STACK$$ZI$$Limit
              reference :  __use_two_region_memory
Loading object InitHardFault.o.
              definition:  HardFault_Handler
              reference :  Image$$MAIN_STACK$$ZI$$Base
              reference :  InitHardFaultHandler
              reference :  InitHardFaultShutdown
              reference :  SystemDrvTerminate
Loading object AssetMgr.o.
              definition:  __asm___10_AssetMgr_c_85ad4e7b____REV16
              definition:  __asm___10_AssetMgr_c_85ad4e7b____REVSH
              definition:  __ARM_grp_.debug_frame$__ARM_common_switch8
              definition:  AssetMgrOnPhaseEntry
              definition:  AssetMgrOnProvisionAsset
              definition:  AssetMgrGetPublicKeyReference
              definition:  AssetMgrRetrieveCertificate
              definition:  AssetMgrRetrievePrivateKey
              definition:  AssetMgrRetrieveCC312TrngChar
              definition:  AssetMgrRetrievePskMasterSecret
              definition:  AssetMgrRetrieveOtpmConfig
              definition:  __ARM_common_switch8
              reference :  AssetMgrCheckCurrentLcsForProvisioning
              reference :  AssetMgrCompareAssetWithOtpm
              reference :  AssetMgrCompareVersionWithOtpm
              reference :  AssetMgrGetCertAuthIdFromPrivateKey
              reference :  AssetMgrGetCertFlagsFromPubCert
              reference :  AssetMgrGetPrivateKeySize
              reference :  AssetMgrGetPublicKeySize
              reference :  AssetMgrRetrieveLatestAsset
              reference :  CryptoMgrAuthenticateAsset
              reference :  DiagSetCheckpointWithInfo
              reference :  NvmMgrFindFirst
              reference :  NvmMgrFindNext
              reference :  NvmMgrReadAsset
[...]
              reference :  _fclose_internal
              reference :  _mutex_initialize
              reference :  _stream_list_lock
              reference :  free
              reference :  freopen
              reference :  setvbuf
              weak ref  :  _mutex_acquire
              weak ref  :  _mutex_free
              weak ref  :  _mutex_release
Loading member defsig_rtmem_outer.o from c_p.l.
              definition:  __rt_SIGRTMEM
              reference :  __rt_SIGRTMEM_inner
              reference :  __sig_exit
Loading member defsig_rtmem_formal.o from c_p.l.
              definition:  __rt_SIGRTMEM$formal
              reference :  __rt_raise
Loading member heapauxa.o from c_p.l.
              definition:  __rt_heap_escrow
              definition:  __rt_heap_expand
Loading member argv_veneer.o from c_p.l.
              definition:  __ARM_argv_veneer
              reference :  __ARM_get_argv
Loading member fpinit.o from fz_ps.l.
              definition:  _fp_init
              definition:  __fp_init_empty
Running selection script in c_p.l to resolve free.
Running selection script in c_p.l to resolve __I$use$semihosting.
Selecting member indicate_semi.o(c_p.l) to define __semihosting_library_function.
Selecting member libinit.o(c_p.l) to define __rt_lib_init.
Selecting member boardinit3.o(c_p.l) to define _platform_post_lib_init.
Selecting member boardinit2.o(c_p.l) to define _platform_post_stackheap_init.
Selecting member boardinit1.o(c_p.l) to define _platform_pre_stackheap_init.
Selecting member libshutdown.o(c_p.l) to define __rt_lib_shutdown.
Selecting member boardshut.o(c_p.l) to define _platform_pre_lib_shutdown.
Running selection script in c_p.l to resolve __rt_SIGFPE.
Selecting member defsig_fpe_outer.o(c_p.l) to define __rt_SIGFPE.
Selecting member defsig_fpe_formal.o(c_p.l) to define __rt_SIGFPE$formal.
Selecting member term_alloc.o(c_p.l) to define _terminate_alloc.
Running selection script in c_p.l to resolve __flsbuf_byte.
Selecting member flsbuf.o(c_p.l) to define __flsbuf_byte.
Selecting member flsbuf_fwide.o(c_p.l) to define __flsbuf_byte$fwide.
Running selection script in c_p.l to resolve __rt_SIGRTRED.
Selecting member defsig_rtred_outer.o(c_p.l) to define __rt_SIGRTRED.
Selecting member defsig_rtred_formal.o(c_p.l) to define __rt_SIGRTRED$formal.
Selecting member libshutdown2.o(c_p.l) to define __rt_lib_shutdown_stdio_2.
Selecting member sys_io.o(c_p.l) to define __stderr_name.
Selecting member sys_io.o(c_p.l) to define __stdin_name.
Selecting member sys_io.o(c_p.l) to define __stdout_name.
Running selection script in c_p.l to resolve _fclose_internal.
Selecting member fclose.o(c_p.l) to define fclose.
Running selection script in c_p.l to resolve freopen.
Selecting member fopen.o(c_p.l) to define freopen.
Selecting member fopen_locked.o(c_p.l) to define _freopen$locked.
Running selection script in c_p.l to resolve setvbuf.
Selecting member setvbuf.o(c_p.l) to define setvbuf.
Selecting member setvbuf_locked.o(c_p.l) to define _setvbuf$locked.
Selecting member streamlock.o(c_p.l) to define _stream_list_lock.
Running selection script in c_p.l to resolve __rt_SIGRTMEM_inner.
Selecting member defsig_rtmem_inner.o(c_p.l) to define __rt_SIGRTMEM_inner.
Selecting member defsig_exit.o(c_p.l) to define __sig_exit.
Running selection script in c_p.l to resolve __rt_raise.
Selecting member rt_raise.o(c_p.l) to define __rt_raise.
Running selection script in c_p.l to resolve __ARM_get_argv.
Selecting member no_argv.o(c_p.l) to define __ARM_get_argv$stub.
Selecting member _get_argv_nomalloc.o(c_p.l) to define __ARM_get_argv$nomalloc.
Loading member sys_io.o from c_p.l.
              definition:  __stderr_name
              definition:  __stdin_name
              definition:  __stdout_name
              definition:  _sys_open
              definition:  _sys_close
              definition:  _sys_write
              definition:  _sys_read
              definition:  _sys_istty
              definition:  _sys_seek
              definition:  _sys_ensure
              definition:  _sys_flen
              reference :  __I$use$semihosting
              reference :  __semihosting_library_function
              reference :  __semihosting_library_function
              reference :  __semihosting_library_function
              reference :  __semihosting_library_function
              reference :  __semihosting_library_function
              reference :  __semihosting_library_function
              reference :  __semihosting_library_function
              reference :  strlen
Loading member indicate_semi.o from c_p.l.
              definition:  __semihosting_library_function
Loading member rt_raise.o from c_p.l.
              definition:  __rt_raise
              reference :  __raise
              reference :  _sys_exit
Loading member term_alloc.o from c_p.l.
              definition:  _terminate_alloc
              reference :  __Heap_Finalize
              reference :  __rt_heap_descriptor
              reference :  __rt_lib_shutdown_heap_2
Loading member flsbuf.o from c_p.l.
              definition:  __flsbuf
              definition:  __flsbuf_byte
              definition:  __flsbuf_wide
              reference :  _deferredlazyseek
              reference :  _seterr
              reference :  _sys_flen
              reference :  _sys_istty
              reference :  _writebuf
              reference :  malloc
Loading member setvbuf.o from c_p.l.
              definition:  setvbuf
Loading member streamlock.o from c_p.l.
              definition:  _stream_list_lock
              reference :  _initio
              reference :  _terminateio
Loading member fopen.o from c_p.l.
              definition:  freopen
              definition:  fopen
              reference :  __aeabi_memclr4
              reference :  __stdin
              reference :  _fclose_internal
              reference :  _fseek
              reference :  _sys_open
              reference :  malloc
Loading member fclose.o from c_p.l.
              definition:  _fclose_internal
              definition:  fclose
              reference :  __aeabi_memclr4
              reference :  _fflush
              reference :  _sys_close
              reference :  free
Loading member setvbuf_locked.o from c_p.l.
              definition:  _setvbuf$locked
              weak ref  :  _mutex_acquire
              weak ref  :  _mutex_release
Loading member fopen_locked.o from c_p.l.
              definition:  _freopen$locked
              definition:  _fopen$locked
              reference :  __aeabi_memclr4
              reference :  __stdin
              reference :  _fclose_internal
              reference :  _fseek
              reference :  _mutex_initialize
              reference :  _stream_list_lock
              reference :  _sys_open
              reference :  malloc
              weak ref  :  _mutex_acquire
              weak ref  :  _mutex_release
Loading member defsig_exit.o from c_p.l.
              definition:  __sig_exit
              reference :  _sys_exit
Loading member defsig_fpe_outer.o from c_p.l.
              definition:  __rt_SIGFPE
              reference :  __rt_SIGFPE_inner
              reference :  __sig_exit
Loading member defsig_fpe_formal.o from c_p.l.
              definition:  __rt_SIGFPE$formal
              reference :  __rt_raise
Loading member defsig_rtred_outer.o from c_p.l.
              definition:  __rt_SIGRTRED
              reference :  __rt_SIGRTRED_inner
              reference :  __sig_exit
Loading member defsig_rtred_formal.o from c_p.l.
              definition:  __rt_SIGRTRED$formal
              reference :  __rt_raise
Loading member defsig_rtmem_inner.o from c_p.l.
              definition:  __rt_SIGRTMEM_inner
              reference :  __default_signal_display
Loading member boardinit1.o from c_p.l.
              definition:  _platform_pre_stackheap_init
Loading member boardinit2.o from c_p.l.
              definition:  _platform_post_stackheap_init
Loading member boardinit3.o from c_p.l.
              definition:  _platform_post_lib_init
Loading member boardshut.o from c_p.l.
              definition:  _platform_pre_lib_shutdown
Loading member _get_argv_nomalloc.o from c_p.l.
              definition:  __argv_alloc
              definition:  __ARM_get_argv$nomalloc
              reference :  __heap_region$guard
              reference :  __rt_SIGRTMEM
              reference :  _sys_command_string
              weak ref  :  _handle_redirection
Loading member no_argv.o from c_p.l.
              definition:  __ARM_get_argv$stub
Loading member libinit.o from c_p.l.
              definition:  __rt_lib_init
              reference :  __rt_lib_init_alloca_1
              reference :  __rt_lib_init_argv_1
              reference :  __rt_lib_init_atexit_1
              reference :  __rt_lib_init_clock_1
              reference :  __rt_lib_init_cpp_1
              reference :  __rt_lib_init_exceptions_1
              reference :  __rt_lib_init_fp_1
              reference :  __rt_lib_init_fp_trap_1
              reference :  __rt_lib_init_getenv_1
              reference :  __rt_lib_init_heap_1
              reference :  __rt_lib_init_lc_collate_1
              reference :  __rt_lib_init_lc_ctype_1
              reference :  __rt_lib_init_lc_monetary_1
              reference :  __rt_lib_init_lc_numeric_1
              reference :  __rt_lib_init_lc_time_1
              reference :  __rt_lib_init_preinit_1
              reference :  __rt_lib_init_rand_1
              reference :  __rt_lib_init_return
              reference :  __rt_lib_init_signal_1
              reference :  __rt_lib_init_stdio_1
              reference :  __rt_lib_init_user_alloc_1
Loading member libshutdown.o from c_p.l.
              definition:  __rt_lib_shutdown
              reference :  __rt_lib_shutdown_cpp_1
              reference :  __rt_lib_shutdown_fp_trap_1
              reference :  __rt_lib_shutdown_heap_1
              reference :  __rt_lib_shutdown_return
              reference :  __rt_lib_shutdown_signal_1
              reference :  __rt_lib_shutdown_stdio_1
              reference :  __rt_lib_shutdown_user_alloc_1
Loading member libshutdown2.o from c_p.l.
              definition:  __rt_lib_shutdown_cpp_1
              definition:  __rt_lib_shutdown_cpp_2
              definition:  __rt_lib_shutdown_stdio_1
              definition:  __rt_lib_shutdown_stdio_2
              definition:  __rt_lib_shutdown_fp_trap_1
              definition:  __rt_lib_shutdown_fp_trap_1$b
              definition:  __rt_lib_shutdown_fp_trap_2
              definition:  __rt_lib_shutdown_signal_1
              definition:  __rt_lib_shutdown_signal_1$b
              definition:  __rt_lib_shutdown_signal_2
              definition:  __rt_lib_shutdown_user_alloc_1
              definition:  __rt_lib_shutdown_user_alloc_2
              definition:  __rt_lib_shutdown_heap_1
              definition:  __rt_lib_shutdown_heap_1$b
              definition:  __rt_lib_shutdown_heap_2
              definition:  __rt_lib_shutdown_return
              weak ref  :  __cxa_finalize
              weak ref  :  _fp_trap_shutdown
              weak ref  :  _signal_finish
              weak ref  :  _terminate_alloc
              weak ref  :  _terminate_user_alloc
              weak ref  :  _terminateio
Loading member flsbuf_fwide.o from c_p.l.
              definition:  __flsbuf_wide$fwide
              definition:  __flsbuf_byte$fwide
              reference :  __flsbuf
Running selection script in c_p.l to resolve free.
Running selection script in c_p.l to resolve malloc.
Running selection script in c_p.l to resolve __rt_heap_descriptor.
Running selection script in c_p.l to resolve __rt_SIGRTMEM.
Running selection script in c_p.l to resolve _initio.
Running selection script in c_p.l to resolve _terminateio.
Running selection script in c_p.l to resolve __heap_region$guard.
Running selection script in c_p.l to resolve __I$use$semihosting.
Running selection script in c_p.l to resolve _fclose_internal.
Running selection script in c_p.l to resolve __rt_raise.
Selecting member __raise.o(c_p.l) to define __raise.
Running selection script in c_p.l to resolve __Heap_Finalize.
Selecting member h1_final.o(c_p.l) to define __Heap_Finalize.
Selecting member h1_final_mt.o(c_p.l) to define __Heap_Finalize$concurrent.
Selecting member stdio.o(c_p.l) to define _deferredlazyseek.
Selecting member stdio.o(c_p.l) to define _seterr.
Selecting member stdio.o(c_p.l) to define _writebuf.
Selecting member fseek.o(c_p.l) to define _fseek.
Selecting member stdio.o(c_p.l) to define _fflush.
Running selection script in c_p.l to resolve __rt_SIGFPE_inner.
Selecting member defsig_fpe_inner.o(c_p.l) to define __rt_SIGFPE_inner.
Running selection script in c_p.l to resolve __rt_SIGRTRED_inner.
Selecting member defsig_rtred_inner.o(c_p.l) to define __rt_SIGRTRED_inner.
Selecting member defsig_general.o(c_p.l) to define __default_signal_display.
Running selection script in c_p.l to resolve __rt_lib_init_alloca_1.
Running selection script in c_p.l to resolve __rt_lib_init_argv_1.
Running selection script in c_p.l to resolve __rt_lib_init_atexit_1.
Running selection script in c_p.l to resolve __rt_lib_init_clock_1.
Running selection script in c_p.l to resolve __rt_lib_init_cpp_1.
Running selection script in c_p.l to resolve __rt_lib_init_exceptions_1.
Running selection script in c_p.l to resolve __rt_lib_init_fp_1.
Running selection script in c_p.l to resolve __rt_lib_init_fp_trap_1.
Running selection script in c_p.l to resolve __rt_lib_init_getenv_1.
Running selection script in c_p.l to resolve __rt_lib_init_heap_1.
Running selection script in c_p.l to resolve __rt_lib_init_lc_collate_1.
Running selection script in c_p.l to resolve __rt_lib_init_lc_ctype_1.
Running selection script in c_p.l to resolve __rt_lib_init_lc_monetary_1.
Running selection script in c_p.l to resolve __rt_lib_init_lc_numeric_1.
Running selection script in c_p.l to resolve __rt_lib_init_lc_time_1.
Running selection script in c_p.l to resolve __rt_lib_init_preinit_1.
Running selection script in c_p.l to resolve __rt_lib_init_rand_1.
Running selection script in c_p.l to resolve __rt_lib_init_signal_1.
Running selection script in c_p.l to resolve __rt_lib_init_stdio_1.
Running selection script in c_p.l to resolve __rt_lib_init_user_alloc_1.
Running selection script in c_p.l to resolve __rt_lib_shutdown_cpp_1.
Running selection script in c_p.l to resolve __rt_lib_shutdown_fp_trap_1.
Running selection script in c_p.l to resolve __rt_lib_shutdown_heap_1.
Running selection script in c_p.l to resolve __rt_lib_shutdown_signal_1.
Running selection script in c_p.l to resolve __rt_lib_shutdown_stdio_1.
Running selection script in c_p.l to resolve __rt_lib_shutdown_user_alloc_1.
Running selection script in c_p.l to resolve __flsbuf.
Selecting member _printf_char_file_locked.o(c_p.l) to define __printf_char_file$locked.
Selecting member assert_stdio.o(c_p.l) to define __assert_puts$stdio.
Selecting member fwritefast.o(c_p.l) to define _fwrite$fast.
Selecting member fwritefast_locked.o(c_p.l) to define __fwrite$fast$locked.
Loading member h1_final.o from c_p.l.
              definition:  __Heap_Finalize
Loading member h1_final_mt.o from c_p.l.
              definition:  __Heap_Finalize$concurrent
              weak ref  :  _mutex_free
Loading member _printf_char_file_locked.o from c_p.l.
              definition:  __printf_char_file$locked
              reference :  _fputc$unlocked
              reference :  _printf_char_common
              weak ref  :  _mutex_acquire
              weak ref  :  _mutex_release
Loading member fseek.o from c_p.l.
              definition:  _fseek
              definition:  fseek
              reference :  _ftell_internal
              reference :  _seterr
              reference :  _sys_flen
              reference :  _sys_istty
Loading member stdio.o from c_p.l.
              definition:  _seterr
              definition:  _writebuf
              definition:  _fflush
              definition:  _deferredlazyseek
              reference :  _sys_seek
              reference :  _sys_write
Loading member fwritefast.o from c_p.l.
              definition:  _fwrite$fast
              reference :  __aeabi_memcpy
              reference :  __flsbuf_byte
              reference :  _writebuf
Loading member fwritefast_locked.o from c_p.l.
              definition:  __fwrite$fast$locked
              reference :  __aeabi_memcpy
              reference :  __flsbuf_byte
              reference :  _writebuf
              weak ref  :  _mutex_acquire
              weak ref  :  _mutex_release
Loading member __raise.o from c_p.l.
              definition:  __raise
              reference :  __default_signal_handler
              weak ref  :  __sigvec_lookup
Loading member defsig_general.o from c_p.l.
              definition:  __default_signal_display
              reference :  _ttywrch
Loading member defsig_fpe_inner.o from c_p.l.
              definition:  __rt_SIGFPE_inner
              reference :  __default_signal_display
Loading member defsig_rtred_inner.o from c_p.l.
              definition:  __rt_SIGRTRED_inner
              reference :  __default_signal_display
Loading member assert_stdio.o from c_p.l.
              definition:  __assert_puts$stdio
              reference :  __stderr
              reference :  fflush
              reference :  fputs
Running selection script in c_p.l to resolve __flsbuf_byte.
Selecting member ftell.o(c_p.l) to define _ftell_internal.
Selecting member defsig.o(c_p.l) to define __default_signal_handler.
Running selection script in c_p.l to resolve fflush.
Selecting member fflush.o(c_p.l) to define fflush.
Selecting member fflush_locked.o(c_p.l) to define _fflush$locked.
Running selection script in c_p.l to resolve fputs.
Selecting member fputs.o(c_p.l) to define fputs.
Selecting member fputs_locked.o(c_p.l) to define _fputs$locked.
Loading member fflush.o from c_p.l.
              definition:  _do_fflush
              definition:  fflush
              reference :  __stdin
              reference :  _fflush
              reference :  _fseek
Loading member fputs.o from c_p.l.
              definition:  fputs
              reference :  fputc
Loading member ftell.o from c_p.l.
              definition:  _ftell_internal
              definition:  ftell
              reference :  __aeabi_errno_addr
Loading member fputs_locked.o from c_p.l.
              definition:  _fputs$locked
              reference :  _fputc$unlocked
              weak ref  :  _mutex_acquire
              weak ref  :  _mutex_release
Loading member fflush_locked.o from c_p.l.
              definition:  __do_fflush$locked
              definition:  _fflush$locked
              reference :  __stdin
              reference :  _do_fflush
              reference :  _fflush
              reference :  _fseek
              reference :  _stream_list_lock
              weak ref  :  _mutex_acquire
              weak ref  :  _mutex_release
Loading member defsig.o from c_p.l.
              definition:  __default_signal_handler
              definition:  __rt_SIGABRT_inner$null
              definition:  __rt_SIGCPPL_inner$null
              definition:  __rt_SIGFPE_inner$null
              definition:  __rt_SIGILL_inner$null
              definition:  __rt_SIGINT_inner$null
              definition:  __rt_SIGPVFN_inner$null
              definition:  __rt_SIGRTMEM_inner$null
              definition:  __rt_SIGRTRED_inner$null
              definition:  __rt_SIGSEGV_inner$null
              definition:  __rt_SIGSTAK_inner$null
              definition:  __rt_SIGTERM_inner$null
              definition:  __rt_SIGUSR1_inner$null
              definition:  __rt_SIGUSR2_inner$null
              definition:  __rt_sigother_inner$null
              reference :  __rt_SIGABRT_inner
              reference :  __rt_SIGCPPL_inner
              reference :  __rt_SIGFPE_inner
              reference :  __rt_SIGILL_inner
              reference :  __rt_SIGINT_inner
              reference :  __rt_SIGPVFN_inner
              reference :  __rt_SIGRTMEM_inner
              reference :  __rt_SIGRTRED_inner
              reference :  __rt_SIGSEGV_inner
              reference :  __rt_SIGSTAK_inner
              reference :  __rt_SIGTERM_inner
              reference :  __rt_SIGUSR1_inner
              reference :  __rt_SIGUSR2_inner
              reference :  __rt_sigother_inner
Running selection script in c_p.l to resolve fputc.
Running selection script in c_p.l to resolve __rt_SIGRTMEM_inner.
Running selection script in c_p.l to resolve __rt_SIGFPE_inner.
Running selection script in c_p.l to resolve __rt_SIGRTRED_inner.
Running selection script in c_p.l to resolve __aeabi_errno_addr.
Selecting member rt_errno_addr.o(c_p.l) to define __aeabi_errno_addr.
Selecting member rt_errno_addr_intlibspace.o(c_p.l) to define __aeabi_errno_addr$intlibspace.
Running selection script in c_p.l to resolve _do_fflush.
Running selection script in c_p.l to resolve __rt_SIGABRT_inner.
Selecting member defsig_abrt_inner.o(c_p.l) to define __rt_SIGABRT_inner.
Running selection script in c_p.l to resolve __rt_SIGCPPL_inner.
Selecting member defsig_cppl_inner.o(c_p.l) to define __rt_SIGCPPL_inner.
Running selection script in c_p.l to resolve __rt_SIGILL_inner.
Selecting member defsig_other.o(c_p.l) to define __rt_SIGILL_inner.
Running selection script in c_p.l to resolve __rt_SIGINT_inner.
Selecting member defsig_other.o(c_p.l) to define __rt_SIGINT_inner.
Running selection script in c_p.l to resolve __rt_SIGPVFN_inner.
Selecting member defsig_pvfn_inner.o(c_p.l) to define __rt_SIGPVFN_inner.
Running selection script in c_p.l to resolve __rt_SIGSEGV_inner.
Selecting member defsig_segv_inner.o(c_p.l) to define __rt_SIGSEGV_inner.
Running selection script in c_p.l to resolve __rt_SIGSTAK_inner.
Selecting member defsig_stak_inner.o(c_p.l) to define __rt_SIGSTAK_inner.
Running selection script in c_p.l to resolve __rt_SIGTERM_inner.
Selecting member defsig_other.o(c_p.l) to define __rt_SIGTERM_inner.
Running selection script in c_p.l to resolve __rt_SIGUSR1_inner.
Selecting member defsig_other.o(c_p.l) to define __rt_SIGUSR1_inner.
Running selection script in c_p.l to resolve __rt_SIGUSR2_inner.
Selecting member defsig_other.o(c_p.l) to define __rt_SIGUSR2_inner.
Running selection script in c_p.l to resolve __rt_sigother_inner.
Selecting member defsig_other.o(c_p.l) to define __rt_sigother_inner.
Loading member rt_errno_addr.o from c_p.l.
              definition:  __aeabi_errno_addr
              definition:  __errno
              definition:  __rt_errno_addr
Loading member rt_errno_addr_intlibspace.o from c_p.l.
              definition:  __aeabi_errno_addr$intlibspace
              definition:  __errno$intlibspace
              definition:  __rt_errno_addr$intlibspace
              reference :  __libspace_start
Loading member defsig_abrt_inner.o from c_p.l.
              definition:  __rt_SIGABRT_inner
              reference :  __default_signal_display
Loading member defsig_stak_inner.o from c_p.l.
              definition:  __rt_SIGSTAK_inner
              reference :  __default_signal_display
Loading member defsig_pvfn_inner.o from c_p.l.
              definition:  __rt_SIGPVFN_inner
              reference :  __default_signal_display
Loading member defsig_cppl_inner.o from c_p.l.
              definition:  __rt_SIGCPPL_inner
              reference :  __default_signal_display
Loading member defsig_segv_inner.o from c_p.l.
              definition:  __rt_SIGSEGV_inner
              reference :  __default_signal_display
Loading member defsig_other.o from c_p.l.
              definition:  __rt_SIGILL_inner
              definition:  __rt_SIGINT_inner
              definition:  __rt_SIGTERM_inner
              definition:  __rt_SIGUSR1_inner
              definition:  __rt_SIGUSR2_inner
              definition:  __rt_sigother_inner
              reference :  __default_signal_display
Renaming symbol _printf_longlong_hex to _printf_longlong_hex$unused.
Renaming symbol _printf_longlong_hex$int to _printf_longlong_hex.
Renaming symbol _printf_int_hex to _printf_int_hex$unused.
Renaming symbol _printf_int_hex$int to _printf_int_hex.
Not renaming symbol _printf_ll_hex to _printf_ll_hex$unused due to its absence.
Not renaming symbol _printf_ll_hex$int to _printf_ll_hex due to its absence.
Not renaming symbol _printf_hex_ptr to _printf_hex_ptr$unused due to its absence.
Not renaming symbol _printf_hex_ptr$int to _printf_hex_ptr due to its absence.
Renaming symbol __I$use$heap to __heap$guard.
Renaming symbol __rt_heap_escrow to __rt_heap_escrow$base.
Renaming symbol __rt_heap_escrow$2region to __rt_heap_escrow.
Renaming symbol __rt_heap_expand to __rt_heap_expand$base.
Renaming symbol __rt_heap_expand$2region to __rt_heap_expand.
Renaming symbol __printf to ___printf$base.
Renaming symbol __printf$flags$widthprec to __printf.
Renaming symbol __I$use$heap_region to __heap_region$guard.
Renaming symbol __semihosting$guard to __I$use$semihosting.
Renaming symbol __ARM_get_argv to __ARM_get_argv$full.
Renaming symbol __ARM_get_argv$stub to __ARM_get_argv.
Renaming symbol __rt_lib_shutdown_fp_trap_1 to __rt_lib_shutdown_fp_trap_1$old.
Renaming symbol __rt_lib_shutdown_fp_trap_2 to __rt_lib_shutdown_fp_trap_1.
Renaming symbol __rt_lib_shutdown_fp_trap_1$b to __rt_lib_shutdown_fp_trap_2.
Renaming symbol __rt_lib_shutdown_heap_1 to __rt_lib_shutdown_heap_1$old.
Renaming symbol __rt_lib_shutdown_heap_2 to __rt_lib_shutdown_heap_1.
Renaming symbol __rt_lib_shutdown_heap_1$b to __rt_lib_shutdown_heap_2.
Renaming symbol __rt_lib_shutdown_signal_1 to __rt_lib_shutdown_signal_1$old.
Renaming symbol __rt_lib_shutdown_signal_2 to __rt_lib_shutdown_signal_1.
Renaming symbol __rt_lib_shutdown_signal_1$b to __rt_lib_shutdown_signal_2.
Renaming symbol __rt_SIGABRT_inner to __rt_SIGABRT_inner$real.
Renaming symbol __rt_SIGABRT_inner$null to __rt_SIGABRT_inner.
Renaming symbol __rt_SIGCPPL_inner to __rt_SIGCPPL_inner$real.
Renaming symbol __rt_SIGCPPL_inner$null to __rt_SIGCPPL_inner.
Renaming symbol __rt_SIGILL_inner to __rt_SIGILL_inner$real.
Renaming symbol __rt_SIGILL_inner$null to __rt_SIGILL_inner.
Renaming symbol __rt_SIGINT_inner to __rt_SIGINT_inner$real.
Renaming symbol __rt_SIGINT_inner$null to __rt_SIGINT_inner.
Renaming symbol __rt_SIGPVFN_inner to __rt_SIGPVFN_inner$real.
Renaming symbol __rt_SIGPVFN_inner$null to __rt_SIGPVFN_inner.
Renaming symbol __rt_SIGSEGV_inner to __rt_SIGSEGV_inner$real.
Renaming symbol __rt_SIGSEGV_inner$null to __rt_SIGSEGV_inner.
Renaming symbol __rt_SIGSTAK_inner to __rt_SIGSTAK_inner$real.
Renaming symbol __rt_SIGSTAK_inner$null to __rt_SIGSTAK_inner.
Renaming symbol __rt_SIGTERM_inner to __rt_SIGTERM_inner$real.
Renaming symbol __rt_SIGTERM_inner$null to __rt_SIGTERM_inner.
Renaming symbol __rt_SIGUSR1_inner to __rt_SIGUSR1_inner$real.
Renaming symbol __rt_SIGUSR1_inner$null to __rt_SIGUSR1_inner.
Renaming symbol __rt_SIGUSR2_inner to __rt_SIGUSR2_inner$real.
Renaming symbol __rt_SIGUSR2_inner$null to __rt_SIGUSR2_inner.
Renaming symbol __rt_sigother_inner to __rt_sigother_inner$real.
Renaming symbol __rt_sigother_inner$null to __rt_sigother_inner.
Renaming symbol __rt_entry_postli_1 to $$Temp.
Renaming symbol __rt_entry_postli_2 to __rt_entry_postli_1.
Renaming symbol $$Temp to __rt_entry_postli_2.
Renaming symbol __rt_entry_postsh_1 to $$Temp.
Renaming symbol __rt_entry_postsh_2 to __rt_entry_postsh_1.
Renaming symbol $$Temp to __rt_entry_postsh_2.
Renaming symbol __rt_entry_presh_1 to $$Temp.
Renaming symbol __rt_entry_presh_2 to __rt_entry_presh_1.
Renaming symbol $$Temp to __rt_entry_presh_2.
Renaming symbol __rt_exit_prels_1 to $$Temp.
Renaming symbol __rt_exit_prels_2 to __rt_exit_prels_1.
Renaming symbol $$Temp to __rt_exit_prels_2.
Renaming symbol __rt_lib_init_alloca_1 to $$Temp.
Renaming symbol __rt_lib_init_alloca_2 to __rt_lib_init_alloca_1.
Renaming symbol $$Temp to __rt_lib_init_alloca_2.
Renaming symbol __rt_lib_init_argv_1 to $$Temp.
Renaming symbol __rt_lib_init_argv_2 to __rt_lib_init_argv_1.
Renaming symbol $$Temp to __rt_lib_init_argv_2.
Renaming symbol __rt_lib_init_atexit_1 to $$Temp.
Renaming symbol __rt_lib_init_atexit_2 to __rt_lib_init_atexit_1.
Renaming symbol $$Temp to __rt_lib_init_atexit_2.
Renaming symbol __rt_lib_init_clock_1 to $$Temp.
Renaming symbol __rt_lib_init_clock_2 to __rt_lib_init_clock_1.
Renaming symbol $$Temp to __rt_lib_init_clock_2.
Renaming symbol __rt_lib_init_cpp_1 to $$Temp.
Renaming symbol __rt_lib_init_cpp_2 to __rt_lib_init_cpp_1.
Renaming symbol $$Temp to __rt_lib_init_cpp_2.
Renaming symbol __rt_lib_init_exceptions_1 to $$Temp.
Renaming symbol __rt_lib_init_exceptions_2 to __rt_lib_init_exceptions_1.
Renaming symbol $$Temp to __rt_lib_init_exceptions_2.
Renaming symbol __rt_lib_init_fp_1 to $$Temp.
Renaming symbol __rt_lib_init_fp_2 to __rt_lib_init_fp_1.
Renaming symbol $$Temp to __rt_lib_init_fp_2.
Renaming symbol __rt_lib_init_fp_trap_1 to $$Temp.
Renaming symbol __rt_lib_init_fp_trap_2 to __rt_lib_init_fp_trap_1.
Renaming symbol $$Temp to __rt_lib_init_fp_trap_2.
Renaming symbol __rt_lib_init_getenv_1 to $$Temp.
Renaming symbol __rt_lib_init_getenv_2 to __rt_lib_init_getenv_1.
Renaming symbol $$Temp to __rt_lib_init_getenv_2.
Renaming symbol __rt_lib_init_heap_1 to $$Temp.
Renaming symbol __rt_lib_init_heap_2 to __rt_lib_init_heap_1.
Renaming symbol $$Temp to __rt_lib_init_heap_2.
Renaming symbol __rt_lib_init_lc_collate_1 to $$Temp.
Renaming symbol __rt_lib_init_lc_collate_2 to __rt_lib_init_lc_collate_1.
Renaming symbol $$Temp to __rt_lib_init_lc_collate_2.
Renaming symbol __rt_lib_init_lc_ctype_1 to $$Temp.
Renaming symbol __rt_lib_init_lc_ctype_2 to __rt_lib_init_lc_ctype_1.
Renaming symbol $$Temp to __rt_lib_init_lc_ctype_2.
Renaming symbol __rt_lib_init_lc_monetary_1 to $$Temp.
Renaming symbol __rt_lib_init_lc_monetary_2 to __rt_lib_init_lc_monetary_1.
Renaming symbol $$Temp to __rt_lib_init_lc_monetary_2.
Renaming symbol __rt_lib_init_lc_numeric_1 to $$Temp.
Renaming symbol __rt_lib_init_lc_numeric_2 to __rt_lib_init_lc_numeric_1.
Renaming symbol $$Temp to __rt_lib_init_lc_numeric_2.
Renaming symbol __rt_lib_init_lc_time_1 to $$Temp.
Renaming symbol __rt_lib_init_lc_time_2 to __rt_lib_init_lc_time_1.
Renaming symbol $$Temp to __rt_lib_init_lc_time_2.
Renaming symbol __rt_lib_init_preinit_1 to $$Temp.
Renaming symbol __rt_lib_init_preinit_2 to __rt_lib_init_preinit_1.
Renaming symbol $$Temp to __rt_lib_init_preinit_2.
Renaming symbol __rt_lib_init_rand_1 to $$Temp.
Renaming symbol __rt_lib_init_rand_2 to __rt_lib_init_rand_1.
Renaming symbol $$Temp to __rt_lib_init_rand_2.
Renaming symbol __rt_lib_init_signal_1 to $$Temp.
Renaming symbol __rt_lib_init_signal_2 to __rt_lib_init_signal_1.
Renaming symbol $$Temp to __rt_lib_init_signal_2.
Renaming symbol __rt_lib_init_stdio_1 to $$Temp.
Renaming symbol __rt_lib_init_stdio_2 to __rt_lib_init_stdio_1.
Renaming symbol $$Temp to __rt_lib_init_stdio_2.
Renaming symbol __rt_lib_init_user_alloc_1 to $$Temp.
Renaming symbol __rt_lib_init_user_alloc_2 to __rt_lib_init_user_alloc_1.
Renaming symbol $$Temp to __rt_lib_init_user_alloc_2.
Renaming symbol __rt_lib_shutdown_cpp_1 to $$Temp.
Renaming symbol __rt_lib_shutdown_cpp_2 to __rt_lib_shutdown_cpp_1.
Renaming symbol $$Temp to __rt_lib_shutdown_cpp_2.
Renaming symbol __rt_lib_shutdown_stdio_1 to $$Temp.
Renaming symbol __rt_lib_shutdown_stdio_2 to __rt_lib_shutdown_stdio_1.
Renaming symbol $$Temp to __rt_lib_shutdown_stdio_2.
Renaming symbol __rt_lib_shutdown_user_alloc_1 to $$Temp.
Renaming symbol __rt_lib_shutdown_user_alloc_2 to __rt_lib_shutdown_user_alloc_1.
Renaming symbol $$Temp to __rt_lib_shutdown_user_alloc_2.
Resolving $Sub$$ and $Super$$ Symbols.
              definition:  $Super$$_sys_open
              definition:  BuildAttributes$$THM_ISAv3M$S$PE$A:L22$X:L11$S22$IEEE1$IW$~IW$USESV6$~STKCKD$USESV7$~SHL$OTIME$ROPI$EBA8$UX$STANDARDLIB$REQ8$PRES8$EABIv2
Checking duplicate symbol definitions
              reference :  __scatterload_copy
              reference :  __scatterload_zeroinit
              reference :  __scatterload_null
              reference :  __scatterload_rt2
              reference :  __decompress1
Selecting member __scatter_copy.o(c_p.l) to define __scatterload_copy.
Selecting member __scatter_zi.o(c_p.l) to define __scatterload_zeroinit.
Selecting member __scatter.o(c_p.l) to define __scatterload_null.
Selecting member __scatter.o(c_p.l) to define __scatterload_rt2.
Selecting member __dczerorl2.o(c_p.l) to define __decompress1.
Loading member __dczerorl2.o from c_p.l.
              definition:  __decompress
              definition:  __decompress1
Loading member __scatter.o from c_p.l.
              definition:  __scatterload
              definition:  __scatterload_rt2
              definition:  __scatterload_rt2_thumb_only
              definition:  __scatterload_null
              reference :  Region$$Table$$Base
              reference :  Region$$Table$$Limit
              reference :  __rt_entry
Loading member __scatter_copy.o from c_p.l.
              definition:  __scatterload_copy
Loading member __scatter_zi.o from c_p.l.
              definition:  __scatterload_zeroinit
Resolving $Sub$$ and $Super$$ Symbols.

==============================================================================

Memory Map of the image

  Image Entry point : 0x00000341

  Load Region ROM_REGION (Base: 0x00000000, Size: 0x00031abc, Max: 0x00040000, ABSOLUTE)

    Execution Region VECTORS (Base: 0x00000000, Size: 0x000000c0, Max: 0x000000c0, ABSOLUTE)

    Base Addr    Size         Type   Attr      Idx    E Section Name        Object

    0x00000000   0x000000c0   Data   RW           10    VECTORS             InitStartup.o


    Execution Region CODE (Base: 0x000000c0, Size: 0x00031944, Max: 0x0003ff40, ABSOLUTE)

    Base Addr    Size         Type   Attr      Idx    E Section Name        Object

    0x000000c0   0x00000008   Code   RO          889  * !!!main             c_p.l(__main.o)
    0x000000c8   0x0000003c   Code   RO         1186    !!!scatter          c_p.l(__scatter.o)
    0x00000104   0x0000001a   Code   RO         1188    !!handler_copy      c_p.l(__scatter_copy.o)
    0x0000011e   0x00000002   PAD
    0x00000120   0x0000001c   Code   RO         1190    !!handler_zi        c_p.l(__scatter_zi.o)
    0x0000013c   0x00000002   Code   RO          853    .ARM.Collect$$_printf_percent$$00000000  c_p.l(_printf_percent.o)
    0x0000013e   0x0000000a   Code   RO          851    .ARM.Collect$$_printf_percent$$00000009  c_p.l(_printf_d.o)
    0x00000148   0x0000000a   Code   RO          852    .ARM.Collect$$_printf_percent$$0000000A  c_p.l(_printf_u.o)
    0x00000152   0x0000000a   Code   RO          850    .ARM.Collect$$_printf_percent$$0000000C  c_p.l(_printf_x.o)
    0x0000015c   0x0000000a   Code   RO          849    .ARM.Collect$$_printf_percent$$00000014  c_p.l(_printf_s.o)
    0x00000166   0x00000004   Code   RO          943    .ARM.Collect$$_printf_percent$$00000017  c_p.l(_printf_percent_end.o)
    0x0000016a   0x00000002   Code   RO         1109    .ARM.Collect$$libinit$$00000000  c_p.l(libinit.o)
    0x0000016c   0x00000000   Code   RO          955    .ARM.Collect$$libinit$$00000002  c_p.l(libinit2.o)
    0x0000016c   0x00000000   Code   RO          957    .ARM.Collect$$libinit$$00000004  c_p.l(libinit2.o)
    0x0000016c   0x00000008   Code   RO          958    .ARM.Collect$$libinit$$00000005  c_p.l(libinit2.o)
    0x00000174   0x00000000   Code   RO          960    .ARM.Collect$$libinit$$0000000A  c_p.l(libinit2.o)
    0x00000174   0x00000000   Code   RO          962    .ARM.Collect$$libinit$$0000000C  c_p.l(libinit2.o)
    0x00000174   0x00000004   Code   RO          963    .ARM.Collect$$libinit$$0000000D  c_p.l(libinit2.o)
    0x00000178   0x00000000   Code   RO          964    .ARM.Collect$$libinit$$0000000E  c_p.l(libinit2.o)
    0x00000178   0x00000000   Code   RO          967    .ARM.Collect$$libinit$$00000011  c_p.l(libinit2.o)
    0x00000178   0x00000000   Code   RO          969    .ARM.Collect$$libinit$$00000013  c_p.l(libinit2.o)
    0x00000178   0x00000000   Code   RO          971    .ARM.Collect$$libinit$$00000015  c_p.l(libinit2.o)
    0x00000178   0x00000000   Code   RO          973    .ARM.Collect$$libinit$$00000017  c_p.l(libinit2.o)
    0x00000178   0x00000000   Code   RO          975    .ARM.Collect$$libinit$$00000019  c_p.l(libinit2.o)
    0x00000178   0x00000000   Code   RO          977    .ARM.Collect$$libinit$$0000001B  c_p.l(libinit2.o)
    0x00000178   0x00000000   Code   RO          979    .ARM.Collect$$libinit$$0000001D  c_p.l(libinit2.o)
    0x00000178   0x00000000   Code   RO          981    .ARM.Collect$$libinit$$0000001F  c_p.l(libinit2.o)
    0x00000178   0x00000000   Code   RO          983    .ARM.Collect$$libinit$$00000021  c_p.l(libinit2.o)
    0x00000178   0x00000000   Code   RO          985    .ARM.Collect$$libinit$$00000023  c_p.l(libinit2.o)
    0x00000178   0x00000004   Code   RO          986    .ARM.Collect$$libinit$$00000024  c_p.l(libinit2.o)
    0x0000017c   0x00000000   Code   RO          987    .ARM.Collect$$libinit$$00000025  c_p.l(libinit2.o)
    0x0000017c   0x00000000   Code   RO          991    .ARM.Collect$$libinit$$0000002C  c_p.l(libinit2.o)
    0x0000017c   0x00000000   Code   RO          993    .ARM.Collect$$libinit$$0000002E  c_p.l(libinit2.o)
    0x0000017c   0x00000000   Code   RO          995    .ARM.Collect$$libinit$$00000030  c_p.l(libinit2.o)
    0x0000017c   0x00000000   Code   RO          997    .ARM.Collect$$libinit$$00000032  c_p.l(libinit2.o)
    0x0000017c   0x00000002   Code   RO          998    .ARM.Collect$$libinit$$00000033  c_p.l(libinit2.o)
    0x0000017e   0x00000002   Code   RO         1110    .ARM.Collect$$libshutdown$$00000000  c_p.l(libshutdown.o)
    0x00000180   0x00000000   Code   RO         1112    .ARM.Collect$$libshutdown$$00000002  c_p.l(libshutdown2.o)
    0x00000180   0x00000004   Code   RO         1113    .ARM.Collect$$libshutdown$$00000003  c_p.l(libshutdown2.o)
    0x00000184   0x00000000   Code   RO         1114    .ARM.Collect$$libshutdown$$00000004  c_p.l(libshutdown2.o)
    0x00000184   0x00000000   Code   RO         1117    .ARM.Collect$$libshutdown$$00000007  c_p.l(libshutdown2.o)
    0x00000184   0x00000000   Code   RO         1120    .ARM.Collect$$libshutdown$$0000000A  c_p.l(libshutdown2.o)
    0x00000184   0x00000000   Code   RO         1122    .ARM.Collect$$libshutdown$$0000000C  c_p.l(libshutdown2.o)
    0x00000184   0x00000000   Code   RO         1125    .ARM.Collect$$libshutdown$$0000000F  c_p.l(libshutdown2.o)
    0x00000184   0x00000002   Code   RO         1126    .ARM.Collect$$libshutdown$$00000010  c_p.l(libshutdown2.o)
    0x00000186   0x00000000   Code   RO          895    .ARM.Collect$$rtentry$$00000000  c_p.l(__rtentry.o)
    0x00000186   0x00000000   Code   RO         1005    .ARM.Collect$$rtentry$$00000002  c_p.l(__rtentry2.o)
    0x00000186   0x00000006   Code   RO         1017    .ARM.Collect$$rtentry$$00000004  c_p.l(__rtentry4.o)
    0x0000018c   0x00000000   Code   RO         1007    .ARM.Collect$$rtentry$$00000009  c_p.l(__rtentry2.o)
    0x0000018c   0x00000004   Code   RO         1008    .ARM.Collect$$rtentry$$0000000A  c_p.l(__rtentry2.o)
    0x00000190   0x00000000   Code   RO         1010    .ARM.Collect$$rtentry$$0000000C  c_p.l(__rtentry2.o)
    0x00000190   0x00000008   Code   RO         1011    .ARM.Collect$$rtentry$$0000000D  c_p.l(__rtentry2.o)
    0x00000198   0x00000002   Code   RO          896    .ARM.Collect$$rtexit$$00000000  c_p.l(rtexit.o)
    0x0000019a   0x00000000   Code   RO         1020    .ARM.Collect$$rtexit$$00000002  c_p.l(rtexit2.o)
    0x0000019a   0x00000004   Code   RO         1021    .ARM.Collect$$rtexit$$00000003  c_p.l(rtexit2.o)
    0x0000019e   0x00000006   Code   RO         1022    .ARM.Collect$$rtexit$$00000004  c_p.l(rtexit2.o)
    0x000001a4   0x00000038   Code   RO          854    .emb_text           c_p.l(rand.o)
    0x000001dc   0x00000038   Code   RO          869    .emb_text           c_p.l(rt_memcpy.o)
    0x00000214   0x00000000   Code   RO         1030    .emb_text           c_p.l(maybetermalloc1.o)
    0x00000214   0x00000004   Code   RO           17    .rev16_text         AssetMgr.o
    0x00000218   0x00000004   Code   RO           26    .rev16_text         AssetMgrInternal.o
    0x0000021c   0x00000004   Code   RO           32    .rev16_text         CommandDrv.o
    0x00000220   0x00000004   Code   RO           38    .rev16_text         CommandHandler.o
    0x00000224   0x00000004   Code   RO           46    .rev16_text         cc_hal.o
    0x00000228   0x00000004   Code   RO           74    .rev16_text         CryptoMgr.o
    0x0000022c   0x00000004   Code   RO           81    .rev16_text         CryptoMgrInternal.o
    0x00000230   0x00000004   Code   RO           92    .rev16_text         HealthMonitor.o
    0x00000234   0x00000004   Code   RO          101    .rev16_text         HealthMonitorInternal.o
    0x00000238   0x00000004   Code   RO          107    .rev16_text         Interrupts.o
    0x0000023c   0x00000004   Code   RO          113    .rev16_text         LifecycleMgr.o
    0x00000240   0x00000004   Code   RO          119    .rev16_text         LifecycleMgrInternal.o
    0x00000244   0x00000004   Code   RO          126    .rev16_text         MacDrv.o
    0x00000248   0x00000004   Code   RO          133    .rev16_text         NvmMgr.o
    0x0000024c   0x00000004   Code   RO          139    .rev16_text         NvmMgrInternal.o
    0x00000250   0x00000004   Code   RO          146    .rev16_text         OtpmDrv.o
    0x00000254   0x00000004   Code   RO          152    .rev16_text         OtpmDrvInternal.o
    0x00000258   0x00000004   Code   RO          162    .rev16_text         PatchMgrInternal.o
    0x0000025c   0x00000004   Code   RO          169    .rev16_text         PatchMgrPatchSupport.o
    0x00000260   0x00000004   Code   RO          175    .rev16_text         Platform.o
    0x00000264   0x00000004   Code   RO          195    .rev16_text         SystemDrv.o
    0x00000268   0x00000004   Code   RO          201    .rev16_text         SystemMgr.o
    0x0000026c   0x00000004   Code   RO          207    .rev16_text         SystemMgrInternal.o
    0x00000270   0x00000004   Code   RO          218    .rev16_text         WatchdogDrv.o
    0x00000274   0x00000004   Code   RO          228    .rev16_text         InitSystem.o
    0x00000278   0x00000004   Code   RO          236    .rev16_text         InitRamVectors.o
    0x0000027c   0x00000004   Code   RO          243    .rev16_text         InitMpu.o
    0x00000280   0x00000004   Code   RO          250    .rev16_text         InitHardFaultHandlerExtended.o
    0x00000284   0x00000004   Code   RO          256    .rev16_text         InitPendSvHandler.o
    0x00000288   0x00000004   Code   RO          262    .rev16_text         InitHardFaultShutdown.o
    0x0000028c   0x00000004   Code   RO          268    .rev16_text         InitUnexpectedHandler.o
    0x00000290   0x00000004   Code   RO           18    .revsh_text         AssetMgr.o
    0x00000294   0x00000004   Code   RO           27    .revsh_text         AssetMgrInternal.o
    0x00000298   0x00000004   Code   RO           33    .revsh_text         CommandDrv.o
    0x0000029c   0x00000004   Code   RO           39    .revsh_text         CommandHandler.o
    0x000002a0   0x00000004   Code   RO           47    .revsh_text         cc_hal.o
    0x000002a4   0x00000004   Code   RO           75    .revsh_text         CryptoMgr.o
    0x000002a8   0x00000004   Code   RO           82    .revsh_text         CryptoMgrInternal.o
    0x000002ac   0x00000004   Code   RO           93    .revsh_text         HealthMonitor.o
    0x000002b0   0x00000004   Code   RO          102    .revsh_text         HealthMonitorInternal.o
    0x000002b4   0x00000004   Code   RO          108    .revsh_text         Interrupts.o
    0x000002b8   0x00000004   Code   RO          114    .revsh_text         LifecycleMgr.o
    0x000002bc   0x00000004   Code   RO          120    .revsh_text         LifecycleMgrInternal.o
    0x000002c0   0x00000004   Code   RO          127    .revsh_text         MacDrv.o
    0x000002c4   0x00000004   Code   RO          134    .revsh_text         NvmMgr.o
    0x000002c8   0x00000004   Code   RO          140    .revsh_text         NvmMgrInternal.o
    0x000002cc   0x00000004   Code   RO          147    .revsh_text         OtpmDrv.o
    0x000002d0   0x00000004   Code   RO          153    .revsh_text         OtpmDrvInternal.o
    0x000002d4   0x00000004   Code   RO          163    .revsh_text         PatchMgrInternal.o
    0x000002d8   0x00000004   Code   RO          170    .revsh_text         PatchMgrPatchSupport.o
    0x000002dc   0x00000004   Code   RO          176    .revsh_text         Platform.o
    0x000002e0   0x00000004   Code   RO          196    .revsh_text         SystemDrv.o
    0x000002e4   0x00000004   Code   RO          202    .revsh_text         SystemMgr.o
    0x000002e8   0x00000004   Code   RO          208    .revsh_text         SystemMgrInternal.o
    0x000002ec   0x00000004   Code   RO          219    .revsh_text         WatchdogDrv.o
    0x000002f0   0x00000004   Code   RO          229    .revsh_text         InitSystem.o
    0x000002f4   0x00000004   Code   RO          237    .revsh_text         InitRamVectors.o
    0x000002f8   0x00000004   Code   RO          244    .revsh_text         InitMpu.o
    0x000002fc   0x00000004   Code   RO          251    .revsh_text         InitHardFaultHandlerExtended.o
    0x00000300   0x00000004   Code   RO          257    .revsh_text         InitPendSvHandler.o
    0x00000304   0x00000004   Code   RO          263    .revsh_text         InitHardFaultShutdown.o
    0x00000308   0x00000004   Code   RO          269    .revsh_text         InitUnexpectedHandler.o
    0x0000030c   0x00000018   Code   RO            6    .text               PatchMgrSvcHandler.o
    0x00000324   0x0000001c   Code   RO            8    .text               SystemDrvLowLevel.o
    0x00000340   0x00000108   Code   RO           11  * .text               InitStartup.o
    0x00000448   0x0000001c   Code   RO           13    .text               InitSetupHeapStack.o
    0x00000464   0x000000b4   Code   RO           15    .text               InitHardFault.o
    0x00000518   0x000002ec   Code   RO           19    .text               AssetMgr.o
    0x00000804   0x00000298   Code   RO           28    .text               AssetMgrInternal.o
    0x00000a9c   0x0000004c   Code   RO           34    .text               CommandDrv.o
    0x00000ae8   0x00000188   Code   RO           40    .text               CommandHandler.o
    0x00000c70   0x0000004c   Code   RO           48    .text               cc_hal.o
    0x00000cbc   0x00000006   Code   RO           53    .text               cc_pal.o
    0x00000cc2   0x00000008   Code   RO           55    .text               cc_pal_mutex.o
    0x00000cca   0x0000000a   Code   RO           57    .text               cc_pal_pm.o
    0x00000cd4   0x00000054   Code   RO           59    .text               cc_pal_interrupt_ctrl.o
    0x00000d28   0x00000078   Code   RO           61    .text               cc_pal_mem.o
    0x00000da0   0x00000006   Code   RO           63    .text               cc_pal_buff_attr.o
    0x00000da6   0x00000008   Code   RO           65    .text               cc_pal_abort_plat.o
    0x00000dae   0x00000002   PAD
    0x00000db0   0x00000060   Code   RO           67    .text               cc_pal_trng.o
    0x00000e10   0x0000000a   Code   RO           70    .text               cc_pal_apbc.o
    0x00000e1a   0x00000002   PAD
    0x00000e1c   0x0000007c   Code   RO           72    .text               bsv_otp_api.o
    0x00000e98   0x00000488   Code   RO           76    .text               CryptoMgr.o
    0x00001320   0x00000160   Code   RO           83    .text               CryptoMgrInternal.o
    0x00001480   0x00000100   Code   RO           88    .text               Diag.o
    0x00001580   0x00000268   Code   RO           94    .text               HealthMonitor.o
    0x000017e8   0x00000148   Code   RO          103    .text               HealthMonitorInternal.o
    0x00001930   0x0000010c   Code   RO          109    .text               Interrupts.o
    0x00001a3c   0x000001bc   Code   RO          115    .text               LifecycleMgr.o
    0x00001bf8   0x00000140   Code   RO          121    .text               LifecycleMgrInternal.o
    0x00001d38   0x00000260   Code   RO          128    .text               MacDrv.o
    0x00001f98   0x00000294   Code   RO          135    .text               NvmMgr.o
    0x0000222c   0x000001a0   Code   RO          141    .text               NvmMgrInternal.o
    0x000023cc   0x00000260   Code   RO          148    .text               OtpmDrv.o
    0x0000262c   0x00000078   Code   RO          154    .text               OtpmDrvInternal.o
    0x000026a4   0x00000074   Code   RO          160    .text               PatchMgr.o
    0x00002718   0x000001a4   Code   RO          164    .text               PatchMgrInternal.o
    0x000028bc   0x000000a4   Code   RO          171    .text               PatchMgrPatchSupport.o
    0x00002960   0x000000a4   Code   RO          177    .text               Platform.o
    0x00002a04   0x0000033c   Code   RO          182    .text               SessionMgr.o
    0x00002d40   0x00000048   Code   RO          184    .text               SessionMgrInternal.o
    0x00002d88   0x00000084   Code   RO          187    .text               SessionMgrValidation.o
    0x00002e0c   0x00000124   Code   RO          189    .text               SessionMgrVideoAuthentication.o
    0x00002f30   0x000002b8   Code   RO          191    .text               SessionMgrSetupSession.o
    0x000031e8   0x00000128   Code   RO          193    .text               SessionMgrRetrieveCertificates.o
    0x00003310   0x000000b0   Code   RO          197    .text               SystemDrv.o
    0x000033c0   0x00000238   Code   RO          203    .text               SystemMgr.o
    0x000035f8   0x00000268   Code   RO          209    .text               SystemMgrInternal.o
    0x00003860   0x00000048   Code   RO          220    .text               WatchdogDrv.o
    0x000038a8   0x00000038   Code   RO          224    .text               Toolbox.o
    0x000038e0   0x0000001a   Code   RO          226    .text               main.o
    0x000038fa   0x00000008   Code   RO          230    .text               InitSystem.o
    0x00003902   0x00000008   Code   RO          234    .text               InitSysRetarget.o
    0x0000390a   0x00000002   PAD
    0x0000390c   0x00000044   Code   RO          238    .text               InitRamVectors.o
    0x00003950   0x0000009c   Code   RO          245    .text               InitMpu.o
    0x000039ec   0x0000006a   Code   RO          252    .text               InitHardFaultHandlerExtended.o
    0x00003a56   0x0000001e   Code   RO          258    .text               InitPendSvHandler.o
    0x00003a74   0x00000048   Code   RO          264    .text               InitHardFaultShutdown.o
    0x00003abc   0x00000094   Code   RO          270    .text               InitUnexpectedHandler.o
    0x00003b50   0x00000720   Code   RO          274    .text               libcc_312bsv.a(bsv_api.o)
    0x00004270   0x00000304   Code   RO          277    .text               libcc_312bsv.a(bsv_int_api.o)
    0x00004574   0x000004fc   Code   RO          279    .text               libcc_312bsv.a(bsv_crypto_api.o)
    0x00004a70   0x00000128   Code   RO          281    .text               libcc_312bsv.a(bsv_hash_driver.o)
    0x00004b98   0x00000268   Code   RO          284    .text               libcc_312bsv.a(bsv_aes_driver.o)
    0x00004e00   0x0000016c   Code   RO          286    .text               libcc_312bsv.a(bsv_aead_driver.o)
    0x00004f6c   0x00000044   Code   RO          288    .text               libcc_312bsv.a(hal_host.o)
    0x00004fb0   0x000000ba   Code   RO          290    .text               libcc_312bsv.a(util.o)
    0x0000506a   0x00000002   PAD
    0x0000506c   0x00000434   Code   RO          292    .text               libcc_312bsv.a(secdebug_api.o)
    0x000054a0   0x0000004c   Code   RO          294    .text               libcc_312bsv.a(secdebug_parser.o)
    0x000054ec   0x00000280   Code   RO          296    .text               libcc_312bsv.a(common_cert_verify.o)
    0x0000576c   0x00000090   Code   RO          300    .text               libcc_312bsv.a(common_cert_parser.o)
    0x000057fc   0x00000184   Code   RO          302    .text               libcc_312bsv.a(bootimagesverifier_base_single.o)
    0x00005980   0x00000158   Code   RO          304    .text               libcc_312bsv.a(bootimagesverifier_swcomp.o)
    0x00005ad8   0x00000064   Code   RO          306    .text               libcc_312bsv.a(bootimagesverifier_parser.o)
    0x00005b3c   0x000000d0   Code   RO          308    .text               libcc_312bsv.a(nvm_otp.o)
    0x00005c0c   0x000000c8   Code   RO          310    .text               libcc_312bsv.a(secureboot_base_func.o)
    0x00005cd4   0x000001cc   Code   RO          312    .text               libcc_312bsv.a(secureboot_base_swimgverify.o)
    0x00005ea0   0x00000168   Code   RO          314    .text               libcc_312bsv.a(rsa_verify.o)
    0x00006008   0x0000008c   Code   RO          316    .text               libcc_312bsv.a(rsa_exp.o)
    0x00006094   0x00000170   Code   RO          318    .text               libcc_312bsv.a(rsa_pki_pka.o)
    0x00006204   0x00000054   Code   RO          321    .text               libcc_312bsv.a(rsa_calc_np.o)
    0x00006258   0x00000274   Code   RO          323    .text               libcc_312bsv.a(rsa_pki_pka_calc_np.o)
    0x000064cc   0x000002b0   Code   RO          325    .text               libcc_312.a(cc_lib.o)
    0x0000677c   0x00000108   Code   RO          333    .text               libcc_312.a(bypass_driver.o)
    0x00006884   0x00000638   Code   RO          335    .text               libcc_312.a(aes_driver.o)
    0x00006ebc   0x00000348   Code   RO          337    .text               libcc_312.a(aesccm_driver.o)
    0x00007204   0x00000428   Code   RO          339    .text               libcc_312.a(aesgcm_driver.o)
    0x0000762c   0x00000054   Code   RO          341    .text               libcc_312.a(driver_common.o)
    0x00007680   0x00000458   Code   RO          343    .text               libcc_312.a(mbedtls_cc_aes_keywrap.o)
    0x00007ad8   0x00000374   Code   RO          346    .text               libcc_312.a(mbedtls_cc_sha512_t.o)
    0x00007e4c   0x000000cc   Code   RO          348    .text               libcc_312.a(sha1_alt.o)
    0x00007f18   0x000000e8   Code   RO          350    .text               libcc_312.a(sha256_alt.o)
    0x00008000   0x00000190   Code   RO          352    .text               libcc_312.a(mbedtls_hash_common.o)
    0x00008190   0x00000254   Code   RO          354    .text               libcc_312.a(aes_alt.o)
    0x000083e4   0x00000012   Code   RO          356    .text               libcc_312.a(mbedtls_common.o)
    0x000083f6   0x0000005e   Code   RO          358    .text               libcc_312.a(ccm_alt.o)
    0x00008454   0x000003f4   Code   RO          360    .text               libcc_312.a(gcm_alt.o)
    0x00008848   0x000000a4   Code   RO          362    .text               libcc_312.a(trng_api.o)
    0x000088ec   0x000004d4   Code   RO          364    .text               libcc_312.a(mbedtls_ccm_internal.o)
    0x00008dc0   0x000000ac   Code   RO          366    .text               libcc_312.a(mbedtls_cc_ccm_star.o)
    0x00008e6c   0x00001efc   Code   RO          368    .text               libcc_312.a(rsa_alt.o)
    0x0000ad68   0x000001c8   Code   RO          370    .text               libcc_312.a(ecp_common.o)
    0x0000af30   0x000005dc   Code   RO          372    .text               libcc_312.a(cc_ecp_internal.o)
    0x0000b50c   0x000002fc   Code   RO          374    .text               libcc_312.a(ecdsa_alt.o)
    0x0000b808   0x00000194   Code   RO          376    .text               libcc_312.a(ecdh_alt.o)
    0x0000b99c   0x000003e8   Code   RO          380    .text               libcc_312.a(ecdsa_edwards.o)
    0x0000bd84   0x000002dc   Code   RO          382    .text               libcc_312.a(cmac_alt.o)
    0x0000c060   0x00000828   Code   RO          384    .text               libcc_312.a(dhm_alt.o)
    0x0000c888   0x00000a24   Code   RO          386    .text               libcc_312.a(mbedtls_cc_mng.o)
    0x0000d2ac   0x00000280   Code   RO          389    .text               libcc_312.a(mbedtls_cc_mng_int.o)
    0x0000d52c   0x0000019c   Code   RO          391    .text               libcc_312.a(cc_util_cmac.o)
    0x0000d6c8   0x000001bc   Code   RO          396    .text               libcc_312.a(mbedtls_cc_util_key_derivation.o)
    0x0000d884   0x00000160   Code   RO          398    .text               libcc_312.a(mbedtls_cc_util_asset_prov.o)
    0x0000d9e4   0x00000410   Code   RO          400    .text               libcc_312.a(pki.o)
    0x0000ddf4   0x00000e18   Code   RO          402    .text               libcc_312.a(pka.o)
    0x0000ec0c   0x000002c4   Code   RO          405    .text               libcc_312.a(cc_kdf.o)
    0x0000eed0   0x00000270   Code   RO          407    .text               libcc_312.a(mbedtls_cc_hkdf.o)
    0x0000f140   0x00000650   Code   RO          412    .text               libcc_312.a(cc_rsa_build.o)
    0x0000f790   0x00000498   Code   RO          414    .text               libcc_312.a(cc_rsa_oaep.o)
    0x0000fc28   0x0000030c   Code   RO          416    .text               libcc_312.a(cc_rsa_schemes.o)
    0x0000ff34   0x00000120   Code   RO          418    .text               libcc_312.a(cc_rsa_pkcs_ver15_util.o)
    0x00010054   0x0000035c   Code   RO          421    .text               libcc_312.a(cc_rsa_pss21_util.o)
    0x000103b0   0x000001d4   Code   RO          423    .text               libcc_312.a(cc_rsa_prim.o)
    0x00010584   0x0000039c   Code   RO          425    .text               libcc_312.a(cc_rsa_verify.o)
    0x00010920   0x000003e8   Code   RO          427    .text               libcc_312.a(cc_rsa_kg.o)
    0x00010d08   0x0000039c   Code   RO          429    .text               libcc_312.a(cc_rsa_sign.o)
    0x000110a4   0x000000f0   Code   RO          431    .text               libcc_312.a(rsa_public.o)
    0x00011194   0x00000430   Code   RO          433    .text               libcc_312.a(rsa_private.o)
    0x000115c4   0x00001a98   Code   RO          435    .text               libcc_312.a(rsa_genkey.o)
    0x0001305c   0x00000bd4   Code   RO          438    .text               libcc_312.a(cc_ffc_domain.o)
    0x00013c30   0x000002e8   Code   RO          441    .text               libcc_312.a(chacha_driver.o)
    0x00013f18   0x000001ac   Code   RO          443    .text               libcc_312.a(mbedtls_cc_chacha.o)
    0x000140c4   0x00000170   Code   RO          445    .text               libcc_312.a(mbedtls_cc_chacha_poly.o)
    0x00014234   0x00000050   Code   RO          447    .text               libcc_312.a(mbedtls_cc_poly.o)
    0x00014284   0x00000380   Code   RO          449    .text               libcc_312.a(poly.o)
    0x00014604   0x0000026c   Code   RO          455    .text               libcc_312.a(cc_ecpki_build_publ.o)
    0x00014870   0x000000cc   Code   RO          457    .text               libcc_312.a(cc_ecpki_build_priv.o)
    0x0001493c   0x000002c8   Code   RO          459    .text               libcc_312.a(cc_ecdsa_verify.o)
    0x00014c04   0x00000328   Code   RO          461    .text               libcc_312.a(cc_ecdsa_sign.o)
    0x00014f2c   0x00000118   Code   RO          463    .text               libcc_312.a(cc_ecpki_kg.o)
    0x00015044   0x000000d0   Code   RO          465    .text               libcc_312.a(cc_ecdh.o)
    0x00015114   0x0000044e   Code   RO          467    .text               libcc_312.a(mbedtls_cc_ecies.o)
    0x00015562   0x00000002   PAD
    0x00015564   0x000000e8   Code   RO          469    .text               libcc_312.a(ec_wrst_genkey.o)
    0x0001564c   0x0000055c   Code   RO          471    .text               libcc_312.a(pki_modular_arithmetic.o)
    0x00015ba8   0x00000932   Code   RO          473    .text               libcc_312.a(pka_ec_wrst.o)
    0x000164da   0x00000002   PAD
    0x000164dc   0x00000224   Code   RO          475    .text               libcc_312.a(pka_ec_wrst_dsa_verify.o)
    0x00016700   0x00000270   Code   RO          477    .text               libcc_312.a(ec_wrst.o)
    0x00016970   0x0000047c   Code   RO          479    .text               libcc_312.a(ec_wrst_dsa.o)
    0x00016dec   0x00000204   Code   RO          481    .text               libcc_312.a(cc_ecpki_domain.o)
    0x00016ff0   0x00000008   Code   RO          483    .text               libcc_312.a(cc_ecpki_domain_secp192r1.o)
    0x00016ff8   0x00000008   Code   RO          486    .text               libcc_312.a(cc_ecpki_domain_secp192k1.o)
    0x00017000   0x00000008   Code   RO          489    .text               libcc_312.a(cc_ecpki_domain_secp224r1.o)
    0x00017008   0x00000008   Code   RO          492    .text               libcc_312.a(cc_ecpki_domain_secp224k1.o)
    0x00017010   0x00000008   Code   RO          495    .text               libcc_312.a(cc_ecpki_domain_secp256r1.o)
    0x00017018   0x00000008   Code   RO          498    .text               libcc_312.a(cc_ecpki_domain_secp256k1.o)
    0x00017020   0x00000008   Code   RO          501    .text               libcc_312.a(cc_ecpki_domain_secp384r1.o)
    0x00017028   0x00000008   Code   RO          504    .text               libcc_312.a(cc_ecpki_domain_secp521r1.o)
    0x00017030   0x0000024c   Code   RO          507    .text               libcc_312.a(cc_rnd_common.o)
    0x0001727c   0x0000060c   Code   RO          509    .text               libcc_312.a(llf_rnd.o)
    0x00017888   0x0000006c   Code   RO          511    .text               libcc_312.a(cc_rng_plat.o)
    0x000178f4   0x000003e2   Code   RO          513    .text               libcc_312.a(cc_common_math.o)
    0x00017cd6   0x00000002   PAD
    0x00017cd8   0x000001b8   Code   RO          515    .text               libcc_312.a(cc_common_conv_endian.o)
    0x00017e90   0x0000032c   Code   RO          517    .text               libcc_312.a(llf_rnd_fetrng.o)
    0x000181bc   0x000002c0   Code   RO          519    .text               libcc_312.a(hash_driver.o)
    0x0001847c   0x000003c8   Code   RO          522    .text               libcc_312.a(pka_ec_wrst_smul_no_scap.o)
    0x00018844   0x00000500   Code   RO          524    .text               libcc_312.a(mbedtls_cc_srp.o)
    0x00018d44   0x000007c8   Code   RO          526    .text               libcc_312.a(srp_driver.o)
    0x0001950c   0x000008b0   Code   RO          529    .text               libcc_312.a(srp.o)
    0x00019dbc   0x00000384   Code   RO          531    .text               libcc_312.a(cc_ec_mont.o)
    0x0001a140   0x000000f0   Code   RO          533    .text               libcc_312.a(ec_mont.o)
    0x0001a230   0x00000380   Code   RO          535    .text               libcc_312.a(pka_ec_mont.o)
    0x0001a5b0   0x00000008   Code   RO          537    .text               libcc_312.a(ec_mont_domain_curve25519.o)
    0x0001a5b8   0x000001d8   Code   RO          540    .text               libcc_312.a(cc_ec_edw.o)
    0x0001a790   0x00000b90   Code   RO          542    .text               libcc_312.a(ec_edw.o)
    0x0001b320   0x00000db2   Code   RO          544    .text               libcc_312.a(pka_ec_edw.o)
    0x0001c0d2   0x00000002   PAD
    0x0001c0d4   0x00000008   Code   RO          546    .text               libcc_312.a(ec_edw_domain_25519.o)
    0x0001c0dc   0x00000414   Code   RO          549    .text               libmbedcrypto.a(aes.o)
    0x0001c4f0   0x000003a0   Code   RO          552    .text               libmbedcrypto.a(asn1parse.o)
    0x0001c890   0x00000480   Code   RO          554    .text               libmbedcrypto.a(asn1write.o)
    0x0001cd10   0x000002e0   Code   RO          556    .text               libmbedcrypto.a(base64.o)
    0x0001cff0   0x000025bc   Code   RO          559    .text               libmbedcrypto.a(bignum.o)
    0x0001f5ac   0x0000015c   Code   RO          563    .text               libmbedcrypto.a(ccm.o)
    0x0001f708   0x000006c0   Code   RO          566    .text               libmbedcrypto.a(cipher.o)
    0x0001fdc8   0x000000f0   Code   RO          569    .text               libmbedcrypto.a(cipher_wrap.o)
    0x0001feb8   0x000003b0   Code   RO          612    .text               libmbedcrypto.a(cmac.o)
    0x00020268   0x00000534   Code   RO          615    .text               libmbedcrypto.a(ctr_drbg.o)
    0x0002079c   0x00000078   Code   RO          619    .text               libmbedcrypto.a(dhm.o)
    0x00020814   0x000001f8   Code   RO          622    .text               libmbedcrypto.a(ecdh.o)
    0x00020a0c   0x0000028c   Code   RO          624    .text               libmbedcrypto.a(ecdsa.o)
    0x00020c98   0x000021c4   Code   RO          626    .text               libmbedcrypto.a(ecp.o)
    0x00022e5c   0x000012c4   Code   RO          632    .text               libmbedcrypto.a(ecp_curves.o)
    0x00024120   0x0000045c   Code   RO          636    .text               libmbedcrypto.a(entropy.o)
    0x0002457c   0x0000000a   Code   RO          638    .text               libmbedcrypto.a(error.o)
    0x00024586   0x00000002   PAD
    0x00024588   0x00000450   Code   RO          640    .text               libmbedcrypto.a(gcm.o)
    0x000249d8   0x00000424   Code   RO          643    .text               libmbedcrypto.a(hmac_drbg.o)
    0x00024dfc   0x00000400   Code   RO          647    .text               libmbedcrypto.a(md.o)
    0x000251fc   0x00000140   Code   RO          650    .text               libmbedcrypto.a(md_wrap.o)
    0x0002533c   0x00000554   Code   RO          662    .text               libmbedcrypto.a(memory_buffer_alloc.o)
    0x00025890   0x000002f4   Code   RO          665    .text               libmbedcrypto.a(oid.o)
    0x00025b84   0x00000250   Code   RO          670    .text               libmbedcrypto.a(pem.o)
    0x00025dd4   0x00000318   Code   RO          672    .text               libmbedcrypto.a(pk.o)
    0x000260ec   0x000002b8   Code   RO          674    .text               libmbedcrypto.a(pk_wrap.o)
    0x000263a4   0x000003bc   Code   RO          684    .text               libmbedcrypto.a(pkcs5.o)
    0x00026760   0x00000be8   Code   RO          687    .text               libmbedcrypto.a(pkparse.o)
    0x00027348   0x000005c2   Code   RO          689    .text               libmbedcrypto.a(pkwrite.o)
    0x0002790a   0x00000002   PAD
    0x0002790c   0x00000014   Code   RO          691    .text               libmbedcrypto.a(platform.o)
    0x00027920   0x000005b0   Code   RO          694    .text               libmbedcrypto.a(rsa_internal.o)
    0x00027ed0   0x000002e8   Code   RO          696    .text               libmbedcrypto.a(rsa.o)
    0x000281b8   0x00000140   Code   RO          699    .text               libmbedcrypto.a(sha1.o)
    0x000282f8   0x00000198   Code   RO          702    .text               libmbedcrypto.a(sha256.o)
    0x00028490   0x0000108c   Code   RO          705    .text               libmbedcrypto.a(sha512.o)
    0x0002951c   0x00000038   Code   RO          708    .text               libmbedcrypto.a(version.o)
    0x00029554   0x00000034   Code   RO          710    .text               libmbedcrypto.a(version_features.o)
    0x00029588   0x00000002   Code   RO          716    .text               c_p.l(use_no_semi_2.o)
    0x0002958a   0x0000002c   Code   RO          724    .text               c_p.l(calloc.o)
    0x000295b6   0x00000062   Code   RO          726    .text               c_p.l(h1_alloc.o)
    0x00029618   0x0000004c   Code   RO          728    .text               c_p.l(h1_free.o)
    0x00029664   0x000000b2   Code   RO          730    .text               c_p.l(h1_realloc.o)
    0x00029716   0x00000030   Code   RO          788    .text               c_p.l(llmul.o)
    0x00029746   0x00000102   Code   RO          790    .text               c_p.l(lludiv.o)
    0x00029848   0x0000001c   Code   RO          792    .text               c_p.l(__2printf.o)
    0x00029864   0x0000003c   Code   RO          794    .text               c_p.l(__2snprintf.o)
    0x000298a0   0x0000004e   Code   RO          802    .text               c_p.l(_printf_pad.o)
    0x000298ee   0x00000052   Code   RO          804    .text               c_p.l(_printf_str.o)
    0x00029940   0x0000006c   Code   RO          806    .text               c_p.l(_printf_dec.o)
    0x000299ac   0x00000058   Code   RO          811    .text               c_p.l(_printf_hex_int.o)
    0x00029a04   0x00000138   Code   RO          841    .text               c_p.l(__printf_flags_wp.o)
    0x00029b3c   0x0000003c   Code   RO          855    .text               c_p.l(rand.o)
    0x00029b78   0x00000010   Code   RO          859    .text               c_p.l(exit.o)
    0x00029b88   0x00000028   Code   RO          861    .text               c_p.l(strstr.o)
    0x00029bb0   0x0000005a   Code   RO          863    .text               c_p.l(memcmp.o)
    0x00029c0a   0x00000002   PAD
    0x00029c0c   0x00000044   Code   RO          865    .text               c_p.l(strlen.o)
    0x00029c50   0x0000000c   Code   RO          867    .text               c_p.l(memmove.o)
    0x00029c5c   0x00000082   Code   RO          870    .text               c_p.l(rt_memcpy.o)
    0x00029cde   0x00000096   Code   RO          873    .text               c_p.l(rt_memmove.o)
    0x00029d74   0x00000012   Code   RO          875    .text               c_p.l(aeabi_memset.o)
    0x00029d86   0x00000040   Code   RO          877    .text               c_p.l(rt_memclr.o)
    0x00029dc6   0x00000002   PAD
    0x00029dc8   0x00000088   Code   RO          879    .text               c_p.l(strcmp.o)
    0x00029e50   0x00000022   Code   RO          881    .text               c_p.l(uread4.o)
    0x00029e72   0x0000015a   Code   RO          883    .text               c_p.l(aeabi_sdiv.o)
    0x00029fcc   0x00000006   Code   RO          887    .text               c_p.l(heapauxi.o)
    0x00029fd2   0x00000002   Code   RO          891    .text               c_p.l(use_no_semi.o)
    0x00029fd4   0x00000008   Code   RO          906    .text               c_p.l(rt_heap_descriptor.o)
    0x00029fdc   0x00000004   Code   RO          911    .text               c_p.l(hguard.o)
    0x00029fe0   0x00000088   Code   RO          913    .text               c_p.l(init_alloc.o)
    0x0002a068   0x0000000e   Code   RO          917    .text               c_p.l(h1_init.o)
    0x0002a076   0x000000b0   Code   RO          931    .text               c_p.l(_printf_intcommon.o)
    0x0002a126   0x00000002   PAD
    0x0002a128   0x00000030   Code   RO          933    .text               c_p.l(_printf_char_common.o)
    0x0002a158   0x0000000a   Code   RO          935    .text               c_p.l(_sputc.o)
    0x0002a162   0x00000010   Code   RO          937    .text               c_p.l(_snputc.o)
    0x0002a172   0x0000002e   Code   RO          939    .text               c_p.l(_printf_char.o)
    0x0002a1a0   0x00000028   Code   RO          941    .text               c_p.l(_printf_char_file.o)
    0x0002a1c8   0x00000028   Code   RO          950    .text               c_p.l(rtudiv10.o)
    0x0002a1f0   0x00000034   Code   RO         1032    .text               c_p.l(h1_extend.o)
    0x0002a224   0x00000008   Code   RO         1038    .text               c_p.l(ferror.o)
    0x0002a22c   0x0000013c   Code   RO         1044    .text               c_p.l(initio.o)
    0x0002a368   0x0000000c   Code   RO         1052    .text               c_p.l(defsig_rtmem_outer.o)
    0x0002a374   0x00000066   Code   RO         1063    .text               c_p.l(sys_io.o)
    0x0002a3da   0x00000000   Code   RO         1068    .text               c_p.l(indicate_semi.o)
    0x0002a3da   0x00000002   PAD
    0x0002a3dc   0x000001f0   Code   RO         1073    .text               c_p.l(flsbuf.o)
    0x0002a5cc   0x0000004c   Code   RO         1075    .text               c_p.l(setvbuf.o)
    0x0002a618   0x000000e8   Code   RO         1078    .text               c_p.l(fopen.o)
    0x0002a700   0x0000004c   Code   RO         1080    .text               c_p.l(fclose.o)
    0x0002a74c   0x0000000c   Code   RO         1086    .text               c_p.l(defsig_exit.o)
    0x0002a758   0x0000000c   Code   RO         1092    .text               c_p.l(defsig_rtred_outer.o)
    0x0002a764   0x00000050   Code   RO         1096    .text               c_p.l(defsig_rtmem_inner.o)
    0x0002a7b4   0x000000f4   Code   RO         1135    .text               c_p.l(fseek.o)
    0x0002a8a8   0x000000f0   Code   RO         1137    .text               c_p.l(stdio.o)
    0x0002a998   0x00000034   Code   RO         1145    .text               c_p.l(defsig_general.o)
    0x0002a9cc   0x00000034   Code   RO         1149    .text               c_p.l(defsig_rtred_inner.o)
    0x0002aa00   0x00000042   Code   RO         1157    .text               c_p.l(ftell.o)
    0x0002aa42   0x00000002   PAD
    0x0002aa44   0x00000008   Code   RO         1165    .text               c_p.l(rt_errno_addr.o)
    0x0002aa4c   0x00000056   Code   RO         1184    .text               c_p.l(__dczerorl2.o)
    0x0002aaa2   0x00000030   Code   RO           99    i.__ARM_common_ll_muluu  HealthMonitor.o
    0x0002aad2   0x0000001a   Code   RO           24    i.__ARM_common_switch8  AssetMgr.o
    0x0002aaec   0x0000000e   Code   RO          839    i._is_digit         c_p.l(__printf_wp.o)
    0x0002aafa   0x0000001e   Code   RO         1041    i.fputc             c_p.l(fputc.o)
    0x0002ab18   0x00000068   Data   RO           45    .constdata          CommandHandlerInternal.o
    0x0002ab80   0x0000002c   Data   RO           77    .constdata          CryptoMgr.o
    0x0002abac   0x00000038   Data   RO          155    .constdata          OtpmDrvInternal.o
    0x0002abe4   0x00000020   Data   RO          211    .constdata          SystemMgrInternal.o
    0x0002ac04   0x00000020   Data   RO          212    .constdata          SystemMgrInternal.o
    0x0002ac24   0x00000020   Data   RO          213    .constdata          SystemMgrInternal.o
    0x0002ac44   0x00000040   Data   RO          246    .constdata          InitMpu.o
    0x0002ac84   0x00000024   Data   RO          275    .constdata          libcc_312bsv.a(bsv_api.o)
    0x0002aca8   0x00000020   Data   RO          282    .constdata          libcc_312bsv.a(bsv_hash_driver.o)
    0x0002acc8   0x00000030   Data   RO          297    .constdata          libcc_312bsv.a(common_cert_verify.o)
    0x0002acf8   0x00000004   Data   RO          319    .constdata          libcc_312bsv.a(rsa_pki_pka.o)
    0x0002acfc   0x00000024   Data   RO          326    .constdata          libcc_312.a(cc_lib.o)
    0x0002ad20   0x00000020   Data   RO          344    .constdata          libcc_312.a(mbedtls_cc_aes_keywrap.o)
    0x0002ad40   0x0000000c   Data   RO          377    .constdata          libcc_312.a(ecdh_alt.o)
    0x0002ad4c   0x00000024   Data   RO          387    .constdata          libcc_312.a(mbedtls_cc_mng.o)
    0x0002ad70   0x00000030   Data   RO          393    .constdata          libcc_312.a(cc_hash_info.o)
    0x0002ada0   0x00000006   Data   RO          394    .constdata          libcc_312.a(cc_hash_info.o)
    0x0002ada6   0x0000003c   Data   RO          395    .constdata          libcc_312.a(cc_hash_info.o)
    0x0002ade2   0x00000020   Data   RO          403    .constdata          libcc_312.a(pka.o)
    0x0002ae02   0x00000002   PAD
    0x0002ae04   0x00000070   Data   RO          409    .constdata          libcc_312.a(cc_rsa_info.o)
    0x0002ae74   0x00000006   Data   RO          410    .constdata          libcc_312.a(cc_rsa_info.o)
    0x0002ae7a   0x0000000e   Data   RO          411    .constdata          libcc_312.a(cc_rsa_info.o)
    0x0002ae88   0x000000c0   Data   RO          419    .constdata          libcc_312.a(cc_rsa_pkcs_ver15_util.o)
    0x0002af48   0x0000050c   Data   RO          436    .constdata          libcc_312.a(rsa_genkey.o)
    0x0002b454   0x00000030   Data   RO          439    .constdata          libcc_312.a(cc_ffc_domain.o)
    0x0002b484   0x00000030   Data   RO          450    .constdata          libcc_312.a(poly.o)
    0x0002b4b4   0x00000050   Data   RO          452    .constdata          libcc_312.a(cc_ecpki_info.o)
    0x0002b504   0x0000000a   Data   RO          453    .constdata          libcc_312.a(cc_ecpki_info.o)
    0x0002b50e   0x00000002   PAD
    0x0002b510   0x00000024   Data   RO          454    .constdata          libcc_312.a(cc_ecpki_info.o)
    0x0002b534   0x000002dc   Data   RO          484    .constdata          libcc_312.a(cc_ecpki_domain_secp192r1.o)
    0x0002b810   0x000002dc   Data   RO          487    .constdata          libcc_312.a(cc_ecpki_domain_secp192k1.o)
    0x0002baec   0x000002dc   Data   RO          490    .constdata          libcc_312.a(cc_ecpki_domain_secp224r1.o)
    0x0002bdc8   0x000002dc   Data   RO          493    .constdata          libcc_312.a(cc_ecpki_domain_secp224k1.o)
    0x0002c0a4   0x000002dc   Data   RO          496    .constdata          libcc_312.a(cc_ecpki_domain_secp256r1.o)
    0x0002c380   0x000002dc   Data   RO          499    .constdata          libcc_312.a(cc_ecpki_domain_secp256k1.o)
    0x0002c65c   0x000002dc   Data   RO          502    .constdata          libcc_312.a(cc_ecpki_domain_secp384r1.o)
    0x0002c938   0x000002dc   Data   RO          505    .constdata          libcc_312.a(cc_ecpki_domain_secp521r1.o)
    0x0002cc14   0x00000054   Data   RO          520    .constdata          libcc_312.a(hash_driver.o)
    0x0002cc68   0x000000f8   Data   RO          538    .constdata          libcc_312.a(ec_mont_domain_curve25519.o)
    0x0002cd60   0x00000508   Data   RO          547    .constdata          libcc_312.a(ec_edw_domain_25519.o)
    0x0002d268   0x000003bc   Data   RO          550    .constdata          libmbedcrypto.a(aes.o)
    0x0002d624   0x00000159   Data   RO          557    .constdata          libmbedcrypto.a(base64.o)
    0x0002d77d   0x00000003   PAD
    0x0002d780   0x000002c4   Data   RO          560    .constdata          libmbedcrypto.a(bignum.o)
    0x0002da44   0x000000d8   Data   RO          564    .constdata          libmbedcrypto.a(ccm.o)
    0x0002db1c   0x00000024   Data   RO          571    .constdata          libmbedcrypto.a(cipher_wrap.o)
    0x0002db40   0x0000001c   Data   RO          572    .constdata          libmbedcrypto.a(cipher_wrap.o)
    0x0002db5c   0x0000001c   Data   RO          573    .constdata          libmbedcrypto.a(cipher_wrap.o)
    0x0002db78   0x0000001c   Data   RO          574    .constdata          libmbedcrypto.a(cipher_wrap.o)
    0x0002db94   0x0000001c   Data   RO          575    .constdata          libmbedcrypto.a(cipher_wrap.o)
    0x0002dbb0   0x0000001c   Data   RO          576    .constdata          libmbedcrypto.a(cipher_wrap.o)
    0x0002dbcc   0x0000001c   Data   RO          577    .constdata          libmbedcrypto.a(cipher_wrap.o)
    0x0002dbe8   0x0000001c   Data   RO          578    .constdata          libmbedcrypto.a(cipher_wrap.o)
    0x0002dc04   0x0000001c   Data   RO          579    .constdata          libmbedcrypto.a(cipher_wrap.o)
    0x0002dc20   0x0000001c   Data   RO          580    .constdata          libmbedcrypto.a(cipher_wrap.o)
    0x0002dc3c   0x0000001c   Data   RO          581    .constdata          libmbedcrypto.a(cipher_wrap.o)
    0x0002dc58   0x0000001c   Data   RO          582    .constdata          libmbedcrypto.a(cipher_wrap.o)
    0x0002dc74   0x0000001c   Data   RO          583    .constdata          libmbedcrypto.a(cipher_wrap.o)
    0x0002dc90   0x00000024   Data   RO          584    .constdata          libmbedcrypto.a(cipher_wrap.o)
    0x0002dcb4   0x0000001c   Data   RO          585    .constdata          libmbedcrypto.a(cipher_wrap.o)
    0x0002dcd0   0x0000001c   Data   RO          586    .constdata          libmbedcrypto.a(cipher_wrap.o)
    0x0002dcec   0x0000001c   Data   RO          587    .constdata          libmbedcrypto.a(cipher_wrap.o)
    0x0002dd08   0x00000024   Data   RO          588    .constdata          libmbedcrypto.a(cipher_wrap.o)
    0x0002dd2c   0x0000001c   Data   RO          589    .constdata          libmbedcrypto.a(cipher_wrap.o)
    0x0002dd48   0x0000001c   Data   RO          590    .constdata          libmbedcrypto.a(cipher_wrap.o)
    0x0002dd64   0x0000001c   Data   RO          591    .constdata          libmbedcrypto.a(cipher_wrap.o)
    0x0002dd80   0x00000098   Data   RO          592    .constdata          libmbedcrypto.a(cipher_wrap.o)
    0x0002de18   0x0000021c   Data   RO          613    .constdata          libmbedcrypto.a(cmac.o)
    0x0002e034   0x000000e0   Data   RO          616    .constdata          libmbedcrypto.a(ctr_drbg.o)
    0x0002e114   0x000000fb   Data   RO          620    .constdata          libmbedcrypto.a(dhm.o)
    0x0002e20f   0x00000001   PAD
    0x0002e210   0x00000084   Data   RO          628    .constdata          libmbedcrypto.a(ecp.o)
    0x0002e294   0x00000558   Data   RO          633    .constdata          libmbedcrypto.a(ecp_curves.o)
    0x0002e7ec   0x00000b88   Data   RO          641    .constdata          libmbedcrypto.a(gcm.o)
    0x0002f374   0x00000100   Data   RO          644    .constdata          libmbedcrypto.a(hmac_drbg.o)
    0x0002f474   0x00000018   Data   RO          648    .constdata          libmbedcrypto.a(md.o)
    0x0002f48c   0x00000030   Data   RO          651    .constdata          libmbedcrypto.a(md_wrap.o)
    0x0002f4bc   0x00000030   Data   RO          652    .constdata          libmbedcrypto.a(md_wrap.o)
    0x0002f4ec   0x00000030   Data   RO          653    .constdata          libmbedcrypto.a(md_wrap.o)
    0x0002f51c   0x00000030   Data   RO          654    .constdata          libmbedcrypto.a(md_wrap.o)
    0x0002f54c   0x00000030   Data   RO          655    .constdata          libmbedcrypto.a(md_wrap.o)
    0x0002f57c   0x00000334   Data   RO          666    .constdata          libmbedcrypto.a(oid.o)
    0x0002f8b0   0x00000030   Data   RO          675    .constdata          libmbedcrypto.a(pk_wrap.o)
    0x0002f8e0   0x00000030   Data   RO          676    .constdata          libmbedcrypto.a(pk_wrap.o)
    0x0002f910   0x00000030   Data   RO          677    .constdata          libmbedcrypto.a(pk_wrap.o)
    0x0002f940   0x00000030   Data   RO          678    .constdata          libmbedcrypto.a(pk_wrap.o)
    0x0002f970   0x000002d0   Data   RO          685    .constdata          libmbedcrypto.a(pkcs5.o)
    0x0002fc40   0x000000f4   Data   RO          700    .constdata          libmbedcrypto.a(sha1.o)
    0x0002fd34   0x00000178   Data   RO          703    .constdata          libmbedcrypto.a(sha256.o)
    0x0002feac   0x00000004   PAD
    0x0002feb0   0x000005e0   Data   RO          706    .constdata          libmbedcrypto.a(sha512.o)
    0x00030490   0x00000120   Data   RO          711    .constdata          libmbedcrypto.a(version_features.o)
    0x000305b0   0x00000028   Data   RO          812    .constdata          c_p.l(_printf_hex_int.o)
    0x000305d8   0x00000011   Data   RO          842    .constdata          c_p.l(__printf_flags_wp.o)
    0x000305e9   0x00000004   Data   RO         1064    .constdata          c_p.l(sys_io.o)
    0x000305ed   0x00000004   Data   RO         1065    .constdata          c_p.l(sys_io.o)
    0x000305f1   0x00000004   Data   RO         1066    .constdata          c_p.l(sys_io.o)
    0x000305f5   0x00000003   PAD
    0x000305f8   0x0000000b   Data   RO          378    .conststring        libcc_312.a(ecdh_alt.o)
    0x00030603   0x00000001   PAD
    0x00030604   0x0000036d   Data   RO          561    .conststring        libmbedcrypto.a(bignum.o)
    0x00030971   0x00000003   PAD
    0x00030974   0x0000000c   Data   RO          593    .conststring        libmbedcrypto.a(cipher_wrap.o)
    0x00030980   0x0000000c   Data   RO          594    .conststring        libmbedcrypto.a(cipher_wrap.o)
    0x0003098c   0x0000000c   Data   RO          595    .conststring        libmbedcrypto.a(cipher_wrap.o)
    0x00030998   0x0000000c   Data   RO          596    .conststring        libmbedcrypto.a(cipher_wrap.o)
    0x000309a4   0x0000000c   Data   RO          597    .conststring        libmbedcrypto.a(cipher_wrap.o)
    0x000309b0   0x0000000c   Data   RO          598    .conststring        libmbedcrypto.a(cipher_wrap.o)
    0x000309bc   0x0000000f   Data   RO          599    .conststring        libmbedcrypto.a(cipher_wrap.o)
    0x000309cb   0x00000001   PAD
    0x000309cc   0x0000000f   Data   RO          600    .conststring        libmbedcrypto.a(cipher_wrap.o)
    0x000309db   0x00000001   PAD
    0x000309dc   0x0000000f   Data   RO          601    .conststring        libmbedcrypto.a(cipher_wrap.o)
    0x000309eb   0x00000001   PAD
    0x000309ec   0x0000000c   Data   RO          602    .conststring        libmbedcrypto.a(cipher_wrap.o)
    0x000309f8   0x0000000c   Data   RO          603    .conststring        libmbedcrypto.a(cipher_wrap.o)
    0x00030a04   0x0000000c   Data   RO          604    .conststring        libmbedcrypto.a(cipher_wrap.o)
    0x00030a10   0x0000000c   Data   RO          605    .conststring        libmbedcrypto.a(cipher_wrap.o)
    0x00030a1c   0x0000000c   Data   RO          606    .conststring        libmbedcrypto.a(cipher_wrap.o)
    0x00030a28   0x0000000c   Data   RO          607    .conststring        libmbedcrypto.a(cipher_wrap.o)
    0x00030a34   0x0000000c   Data   RO          608    .conststring        libmbedcrypto.a(cipher_wrap.o)
    0x00030a40   0x0000000c   Data   RO          609    .conststring        libmbedcrypto.a(cipher_wrap.o)
    0x00030a4c   0x0000000c   Data   RO          610    .conststring        libmbedcrypto.a(cipher_wrap.o)
    0x00030a58   0x00000195   Data   RO          629    .conststring        libmbedcrypto.a(ecp.o)
    0x00030bed   0x00000003   PAD
    0x00030bf0   0x0000044b   Data   RO          667    .conststring        libmbedcrypto.a(oid.o)
    0x0003103b   0x00000001   PAD
    0x0003103c   0x00000003   Data   RO          680    .conststring        libmbedcrypto.a(pk_wrap.o)
    0x0003103f   0x00000001   PAD
    0x00031040   0x00000006   Data   RO          681    .conststring        libmbedcrypto.a(pk_wrap.o)
    0x00031046   0x00000002   PAD
    0x00031048   0x00000006   Data   RO          682    .conststring        libmbedcrypto.a(pk_wrap.o)
    0x0003104e   0x00000002   PAD
    0x00031050   0x0000030d   Data   RO          697    .conststring        libmbedcrypto.a(rsa.o)
    0x0003135d   0x00000003   PAD
    0x00031360   0x00000654   Data   RO          712    .conststring        libmbedcrypto.a(version_features.o)
    0x000319b4   0x0000002e   Data   RO          668    .conststrlit        libmbedcrypto.a(oid.o)
    0x000319e2   0x00000002   PAD
    0x000319e4   0x00000020   Data   RO         1182    Region$$Table       anon$$obj.o


    Execution Region PATCH (Base: 0x20000000, Size: 0x0000c000, Max: 0x0000c000, ABSOLUTE, UNINIT)

    Base Addr    Size         Type   Attr      Idx    E Section Name        Object

    0x20000000   0x0000c000   Zero   RW            1    PATCH.bss           anon$$obj.o


    Execution Region DATA (Base: 0x2000c000, Size: 0x00000954, Max: 0x00001000, ABSOLUTE)

    Base Addr    Size         Type   Attr      Idx    E Section Name        Object

    0x2000c000   0x00000004   Data   RW           49    .data               cc_hal.o
    0x2000c004   0x00000001   Data   RW           90    .data               Diag.o
    0x2000c005   0x00000001   Data   RW          122    .data               LifecycleMgrInternal.o
    0x2000c006   0x00000002   PAD
    0x2000c008   0x00000018   Data   RW          129    .data               MacDrv.o
    0x2000c020   0x00000008   Data   RW          142    .data               NvmMgrInternal.o
    0x2000c028   0x00000001   Data   RW          156    .data               OtpmDrvInternal.o
    0x2000c029   0x00000003   PAD
    0x2000c02c   0x00000018   Data   RW          178    .data               Platform.o
    0x2000c044   0x00000008   Data   RW          214    .data               SystemMgrInternal.o
    0x2000c04c   0x0000000c   Data   RW          298    .data               libcc_312bsv.a(common_cert_verify.o)
    0x2000c058   0x00000004   Data   RW          327    .data               libcc_312.a(cc_lib.o)
    0x2000c05c   0x00000004   Data   RW          328    .data               libcc_312.a(cc_lib.o)
    0x2000c060   0x00000004   Data   RW          329    .data               libcc_312.a(cc_lib.o)
    0x2000c064   0x00000004   Data   RW          330    .data               libcc_312.a(cc_lib.o)
    0x2000c068   0x00000004   Data   RW          331    .data               libcc_312.a(cc_lib.o)
    0x2000c06c   0x00000004   Data   RW          567    .data               libmbedcrypto.a(cipher.o)
    0x2000c070   0x00000004   Data   RW          617    .data               libmbedcrypto.a(ctr_drbg.o)
    0x2000c074   0x00000010   Data   RW          630    .data               libmbedcrypto.a(ecp.o)
    0x2000c084   0x0000001c   Data   RW          634    .data               libmbedcrypto.a(ecp_curves.o)
    0x2000c0a0   0x00000004   Data   RW          645    .data               libmbedcrypto.a(hmac_drbg.o)
    0x2000c0a4   0x00000008   Data   RW          692    .data               libmbedcrypto.a(platform.o)
    0x2000c0ac   0x00000004   Data   RW          947    .data               c_p.l(stdio_streams.o)
    0x2000c0b0   0x00000004   Data   RW          948    .data               c_p.l(stdio_streams.o)
    0x2000c0b4   0x00000004   Data   RW          949    .data               c_p.l(stdio_streams.o)
    0x2000c0b8   0x00000020   Zero   RW           41    .bss                CommandHandler.o
    0x2000c0d8   0x00000014   Zero   RW           68    .bss                cc_pal_trng.o
    0x2000c0ec   0x00000004   PAD
    0x2000c0f0   0x00000310   Zero   RW           84    .bss                CryptoMgrInternal.o
    0x2000c400   0x00000040   Zero   RW           89    .bss                Diag.o
    0x2000c440   0x00000024   Zero   RW           95    .bss                HealthMonitor.o
    0x2000c464   0x0000000a   Zero   RW          165    .bss                PatchMgrInternal.o
    0x2000c46e   0x00000002   PAD
    0x2000c470   0x000000e0   Zero   RW          185    .bss                SessionMgrInternal.o
    0x2000c550   0x0000003c   Zero   RW          210    .bss                SystemMgrInternal.o
    0x2000c58c   0x00000074   PAD
    0x2000c600   0x000000c0   Zero   RW          239    .bss                InitRamVectors.o
    0x2000c6c0   0x00000040   Zero   RW          527    .bss                libcc_312.a(srp_driver.o)
    0x2000c700   0x0000004c   Zero   RW          570    .bss                libmbedcrypto.a(cipher_wrap.o)
    0x2000c74c   0x00000009   Zero   RW          627    .bss                libmbedcrypto.a(ecp.o)
    0x2000c755   0x00000003   PAD
    0x2000c758   0x00000014   Zero   RW          663    .bss                libmbedcrypto.a(memory_buffer_alloc.o)
    0x2000c76c   0x000000e4   Zero   RW          856    .bss                c_p.l(rand.o)
    0x2000c850   0x00000004   Zero   RW          907    .bss                c_p.l(rt_heap_descriptor.o)
    0x2000c854   0x00000054   Zero   RW          944    .bss                c_p.l(stdio_streams.o)
    0x2000c8a8   0x00000054   Zero   RW          945    .bss                c_p.l(stdio_streams.o)
    0x2000c8fc   0x00000054   Zero   RW          946    .bss                c_p.l(stdio_streams.o)
    0x2000c950   0x00000004   Zero   RW         1166    .bss                c_p.l(rt_errno_addr.o)


    Execution Region HEAP (Base: 0x2000d000, Size: 0x00002000, Max: 0x00002000, ABSOLUTE, UNINIT)

    Base Addr    Size         Type   Attr      Idx    E Section Name        Object

    0x2000d000   0x00002000   Zero   RW            2    HEAP.bss            anon$$obj.o


    Execution Region MAIN_STACK (Base: 0x2000f000, Size: 0x00001000, Max: 0x00001000, ABSOLUTE, UNINIT)

    Base Addr    Size         Type   Attr      Idx    E Section Name        Object

    0x2000f000   0x00001000   Zero   RW            3    MAIN_STACK.bss      anon$$obj.o


    Execution Region ICORE_REGISTERS (Base: 0x3fff0000, Size: 0x00001000, Max: 0x00001000, ABSOLUTE, UNINIT)

    Base Addr    Size         Type   Attr      Idx    E Section Name        Object

    0x3fff0000   0x00001000   Zero   RW            4    ICORE_REGISTERS.bss  anon$$obj.o


    Execution Region SHARED_MEMORY (Base: 0x3fff1000, Size: 0x00001000, Max: 0x00001000, ABSOLUTE, UNINIT)

    Base Addr    Size         Type   Attr      Idx    E Section Name        Object

    0x3fff1000   0x00001000   Zero   RW            5    SHARED_MEMORY.bss   anon$$obj.o


==============================================================================

Image component sizes


      Code (inc. data)   RO Data    RW Data    ZI Data      Debug   

     14726        634        396        268      71176      16100   Object Totals
         0          0         32          0      69632          0   (incl. Generated)
         6          0          0          5        122          0   (incl. Padding)
    159954      10076      28000        108        660      45464   Library Totals
        26          0         36          0          3          0   (incl. Padding)

==============================================================================


      Code (inc. data)   RO Data    RW Data    ZI Data      Debug   

    174680      10710      28396        376      71836      41536   Grand Totals
    174680      10710      28396        376      71836      41536   ELF Image Totals
    174680      10710      28396        376          0          0   ROM Totals

==============================================================================

    Total RO  Size (Code + RO Data)               203076 ( 198.32kB)
    Total RW  Size (RW Data + ZI Data)             72212 (  70.52kB)
    Total ROM Size (Code + RO Data + RW Data)     203452 ( 198.68kB)

==============================================================================

